Archive member included to satisfy reference by file (symbol)

/Users/rasil/Library/Application Support/Code/User/globalStorage/bmd.stm32-for-vscode/@xpack-dev-tools/arm-none-eabi-gcc/14.2.1-1.1.1/.content/bin/../lib/gcc/arm-none-eabi/14.2.1/../../../../arm-none-eabi/lib/thumb/v6-m/nofp/libc_nano.a(libc_a-atexit.o)
                              /Users/rasil/Library/Application Support/Code/User/globalStorage/bmd.stm32-for-vscode/@xpack-dev-tools/arm-none-eabi-gcc/14.2.1-1.1.1/.content/bin/../lib/gcc/arm-none-eabi/14.2.1/../../../../arm-none-eabi/lib/thumb/v6-m/nofp/crt0.o (atexit)
/Users/rasil/Library/Application Support/Code/User/globalStorage/bmd.stm32-for-vscode/@xpack-dev-tools/arm-none-eabi-gcc/14.2.1-1.1.1/.content/bin/../lib/gcc/arm-none-eabi/14.2.1/../../../../arm-none-eabi/lib/thumb/v6-m/nofp/libc_nano.a(libc_a-exit.o)
                              /Users/rasil/Library/Application Support/Code/User/globalStorage/bmd.stm32-for-vscode/@xpack-dev-tools/arm-none-eabi-gcc/14.2.1-1.1.1/.content/bin/../lib/gcc/arm-none-eabi/14.2.1/../../../../arm-none-eabi/lib/thumb/v6-m/nofp/crt0.o (exit)
/Users/rasil/Library/Application Support/Code/User/globalStorage/bmd.stm32-for-vscode/@xpack-dev-tools/arm-none-eabi-gcc/14.2.1-1.1.1/.content/bin/../lib/gcc/arm-none-eabi/14.2.1/../../../../arm-none-eabi/lib/thumb/v6-m/nofp/libc_nano.a(libc_a-findfp.o)
                              /Users/rasil/Library/Application Support/Code/User/globalStorage/bmd.stm32-for-vscode/@xpack-dev-tools/arm-none-eabi-gcc/14.2.1-1.1.1/.content/bin/../lib/gcc/arm-none-eabi/14.2.1/../../../../arm-none-eabi/lib/thumb/v6-m/nofp/libc_nano.a(libc_a-exit.o) (__stdio_exit_handler)
/Users/rasil/Library/Application Support/Code/User/globalStorage/bmd.stm32-for-vscode/@xpack-dev-tools/arm-none-eabi-gcc/14.2.1-1.1.1/.content/bin/../lib/gcc/arm-none-eabi/14.2.1/../../../../arm-none-eabi/lib/thumb/v6-m/nofp/libc_nano.a(libc_a-fwalk.o)
                              /Users/rasil/Library/Application Support/Code/User/globalStorage/bmd.stm32-for-vscode/@xpack-dev-tools/arm-none-eabi-gcc/14.2.1-1.1.1/.content/bin/../lib/gcc/arm-none-eabi/14.2.1/../../../../arm-none-eabi/lib/thumb/v6-m/nofp/libc_nano.a(libc_a-findfp.o) (_fwalk_sglue)
/Users/rasil/Library/Application Support/Code/User/globalStorage/bmd.stm32-for-vscode/@xpack-dev-tools/arm-none-eabi-gcc/14.2.1-1.1.1/.content/bin/../lib/gcc/arm-none-eabi/14.2.1/../../../../arm-none-eabi/lib/thumb/v6-m/nofp/libc_nano.a(libc_a-memset.o)
                              /Users/rasil/Library/Application Support/Code/User/globalStorage/bmd.stm32-for-vscode/@xpack-dev-tools/arm-none-eabi-gcc/14.2.1-1.1.1/.content/bin/../lib/gcc/arm-none-eabi/14.2.1/../../../../arm-none-eabi/lib/thumb/v6-m/nofp/crt0.o (memset)
/Users/rasil/Library/Application Support/Code/User/globalStorage/bmd.stm32-for-vscode/@xpack-dev-tools/arm-none-eabi-gcc/14.2.1-1.1.1/.content/bin/../lib/gcc/arm-none-eabi/14.2.1/../../../../arm-none-eabi/lib/thumb/v6-m/nofp/libc_nano.a(libc_a-errno.o)
                              build/debug/syscalls.o (__errno)
/Users/rasil/Library/Application Support/Code/User/globalStorage/bmd.stm32-for-vscode/@xpack-dev-tools/arm-none-eabi-gcc/14.2.1-1.1.1/.content/bin/../lib/gcc/arm-none-eabi/14.2.1/../../../../arm-none-eabi/lib/thumb/v6-m/nofp/libc_nano.a(libc_a-init.o)
                              /Users/rasil/Library/Application Support/Code/User/globalStorage/bmd.stm32-for-vscode/@xpack-dev-tools/arm-none-eabi-gcc/14.2.1-1.1.1/.content/bin/../lib/gcc/arm-none-eabi/14.2.1/../../../../arm-none-eabi/lib/thumb/v6-m/nofp/crt0.o (__libc_init_array)
/Users/rasil/Library/Application Support/Code/User/globalStorage/bmd.stm32-for-vscode/@xpack-dev-tools/arm-none-eabi-gcc/14.2.1-1.1.1/.content/bin/../lib/gcc/arm-none-eabi/14.2.1/../../../../arm-none-eabi/lib/thumb/v6-m/nofp/libc_nano.a(libc_a-fini.o)
                              /Users/rasil/Library/Application Support/Code/User/globalStorage/bmd.stm32-for-vscode/@xpack-dev-tools/arm-none-eabi-gcc/14.2.1-1.1.1/.content/bin/../lib/gcc/arm-none-eabi/14.2.1/../../../../arm-none-eabi/lib/thumb/v6-m/nofp/crt0.o (__libc_fini_array)
/Users/rasil/Library/Application Support/Code/User/globalStorage/bmd.stm32-for-vscode/@xpack-dev-tools/arm-none-eabi-gcc/14.2.1-1.1.1/.content/bin/../lib/gcc/arm-none-eabi/14.2.1/../../../../arm-none-eabi/lib/thumb/v6-m/nofp/libc_nano.a(libc_a-lock.o)
                              /Users/rasil/Library/Application Support/Code/User/globalStorage/bmd.stm32-for-vscode/@xpack-dev-tools/arm-none-eabi-gcc/14.2.1-1.1.1/.content/bin/../lib/gcc/arm-none-eabi/14.2.1/../../../../arm-none-eabi/lib/thumb/v6-m/nofp/libc_nano.a(libc_a-findfp.o) (__retarget_lock_init_recursive)
/Users/rasil/Library/Application Support/Code/User/globalStorage/bmd.stm32-for-vscode/@xpack-dev-tools/arm-none-eabi-gcc/14.2.1-1.1.1/.content/bin/../lib/gcc/arm-none-eabi/14.2.1/../../../../arm-none-eabi/lib/thumb/v6-m/nofp/libc_nano.a(libc_a-impure.o)
[...]
Memory Configuration

Name             Origin             Length             Attributes
RAM              0x20000000         0x00001000         xrw
FLASH            0x08000000         0x00008000         xr
*default*        0x00000000         0xffffffff

Linker script and memory map

LOAD /Users/rasil/Library/Application Support/Code/User/globalStorage/bmd.stm32-for-vscode/@xpack-dev-tools/arm-none-eabi-gcc/14.2.1-1.1.1/.content/bin/../lib/gcc/arm-none-eabi/14.2.1/thumb/v6-m/nofp/crti.o
LOAD /Users/rasil/Library/Application Support/Code/User/globalStorage/bmd.stm32-for-vscode/@xpack-dev-tools/arm-none-eabi-gcc/14.2.1-1.1.1/.content/bin/../lib/gcc/arm-none-eabi/14.2.1/thumb/v6-m/nofp/crtbegin.o
LOAD /Users/rasil/Library/Application Support/Code/User/globalStorage/bmd.stm32-for-vscode/@xpack-dev-tools/arm-none-eabi-gcc/14.2.1-1.1.1/.content/bin/../lib/gcc/arm-none-eabi/14.2.1/../../../../arm-none-eabi/lib/thumb/v6-m/nofp/crt0.o
LOAD build/debug/main.o
LOAD build/debug/stm32f0xx_hal.o
LOAD build/debug/stm32f0xx_hal_cortex.o
LOAD build/debug/stm32f0xx_hal_dma.o
LOAD build/debug/stm32f0xx_hal_exti.o
LOAD build/debug/stm32f0xx_hal_flash.o
LOAD build/debug/stm32f0xx_hal_flash_ex.o
LOAD build/debug/stm32f0xx_hal_gpio.o
LOAD build/debug/stm32f0xx_hal_i2c.o
LOAD build/debug/stm32f0xx_hal_i2c_ex.o
LOAD build/debug/stm32f0xx_hal_msp.o
LOAD build/debug/stm32f0xx_hal_pwr.o
LOAD build/debug/stm32f0xx_hal_pwr_ex.o
LOAD build/debug/stm32f0xx_hal_rcc.o
LOAD build/debug/stm32f0xx_hal_rcc_ex.o
LOAD build/debug/stm32f0xx_hal_uart.o
LOAD build/debug/stm32f0xx_hal_uart_ex.o
LOAD build/debug/stm32f0xx_it.o
LOAD build/debug/syscalls.o
LOAD build/debug/sysmem.o
LOAD build/debug/system_stm32f0xx.o
LOAD build/debug/startup_stm32f030x6.o
LOAD /Users/rasil/Library/Application Support/Code/User/globalStorage/bmd.stm32-for-vscode/@xpack-dev-tools/arm-none-eabi-gcc/14.2.1-1.1.1/.content/bin/../lib/gcc/arm-none-eabi/14.2.1/../../../../arm-none-eabi/lib/thumb/v6-m/nofp/libc_nano.a
LOAD /Users/rasil/Library/Application Support/Code/User/globalStorage/bmd.stm32-for-vscode/@xpack-dev-tools/arm-none-eabi-gcc/14.2.1-1.1.1/.content/bin/../lib/gcc/arm-none-eabi/14.2.1/../../../../arm-none-eabi/lib/thumb/v6-m/nofp/libm.a
LOAD /Users/rasil/Library/Application Support/Code/User/globalStorage/bmd.stm32-for-vscode/@xpack-dev-tools/arm-none-eabi-gcc/14.2.1-1.1.1/.content/bin/../lib/gcc/arm-none-eabi/14.2.1/../../../../arm-none-eabi/lib/thumb/v6-m/nofp/libnosys.a
START GROUP
LOAD /Users/rasil/Library/Application Support/Code/User/globalStorage/bmd.stm32-for-vscode/@xpack-dev-tools/arm-none-eabi-gcc/14.2.1-1.1.1/.content/bin/../lib/gcc/arm-none-eabi/14.2.1/thumb/v6-m/nofp/libgcc.a
LOAD /Users/rasil/Library/Application Support/Code/User/globalStorage/bmd.stm32-for-vscode/@xpack-dev-tools/arm-none-eabi-gcc/14.2.1-1.1.1/.content/bin/../lib/gcc/arm-none-eabi/14.2.1/../../../../arm-none-eabi/lib/thumb/v6-m/nofp/libc_nano.a
END GROUP
START GROUP
LOAD /Users/rasil/Library/Application Support/Code/User/globalStorage/bmd.stm32-for-vscode/@xpack-dev-tools/arm-none-eabi-gcc/14.2.1-1.1.1/.content/bin/../lib/gcc/arm-none-eabi/14.2.1/thumb/v6-m/nofp/libgcc.a
LOAD /Users/rasil/Library/Application Support/Code/User/globalStorage/bmd.stm32-for-vscode/@xpack-dev-tools/arm-none-eabi-gcc/14.2.1-1.1.1/.content/bin/../lib/gcc/arm-none-eabi/14.2.1/../../../../arm-none-eabi/lib/thumb/v6-m/nofp/libc_nano.a
END GROUP
LOAD /Users/rasil/Library/Application Support/Code/User/globalStorage/bmd.stm32-for-vscode/@xpack-dev-tools/arm-none-eabi-gcc/14.2.1-1.1.1/.content/bin/../lib/gcc/arm-none-eabi/14.2.1/thumb/v6-m/nofp/crtend.o
LOAD /Users/rasil/Library/Application Support/Code/User/globalStorage/bmd.stm32-for-vscode/@xpack-dev-tools/arm-none-eabi-gcc/14.2.1-1.1.1/.content/bin/../lib/gcc/arm-none-eabi/14.2.1/thumb/v6-m/nofp/crtn.o
                0x20001000                        _estack = (ORIGIN (RAM) + LENGTH (RAM))
                0x00000200                        _Min_Heap_Size = 0x200
                0x00000400                        _Min_Stack_Size = 0x400

.isr_vector     0x08000000       0xc0
                0x08000000                        . = ALIGN (0x4)
 *(.isr_vector)
 .isr_vector    0x08000000       0xc0 build/debug/startup_stm32f030x6.o
                0x08000000                g_pfnVectors
                0x080000c0                        . = ALIGN (0x4)

.text           0x080000c0     0x1f9c
                0x080000c0                        . = ALIGN (0x4)
 *(.text)
 .text          0x080000c0        0xe /Users/rasil/Library/Application Support/Code/User/globalStorage/bmd.stm32-for-vscode/@xpack-dev-tools/arm-none-eabi-gcc/14.2.1-1.1.1/.content/bin/../lib/gcc/arm-none-eabi/14.2.1/../../../../arm-none-eabi/lib/thumb/v6-m/nofp/libc_nano.a(libc_a-strlen.o)
                0x080000c0                strlen
 *fill*         0x080000ce        0x2 
 .text          0x080000d0      0x114 /Users/rasil/Library/Application Support/Code/User/globalStorage/bmd.stm32-for-vscode/@xpack-dev-tools/arm-none-eabi-gcc/14.2.1-1.1.1/.content/bin/../lib/gcc/arm-none-eabi/14.2.1/thumb/v6-m/nofp/libgcc.a(_udivsi3.o)
                0x080000d0                __udivsi3
                0x080000d0                __aeabi_uidiv
                0x080001dc                __aeabi_uidivmod
 .text          0x080001e4        0x4 /Users/rasil/Library/Application Support/Code/User/globalStorage/bmd.stm32-for-vscode/@xpack-dev-tools/arm-none-eabi-gcc/14.2.1-1.1.1/.content/bin/../lib/gcc/arm-none-eabi/14.2.1/thumb/v6-m/nofp/libgcc.a(_dvmd_tls.o)
                0x080001e4                __aeabi_ldiv0
                0x080001e4                __aeabi_idiv0
 *(.text*)
 .text.__do_global_dtors_aux
                0x080001e8       0x28 /Users/rasil/Library/Application Support/Code/User/globalStorage/bmd.stm32-for-vscode/@xpack-dev-tools/arm-none-eabi-gcc/14.2.1-1.1.1/.content/bin/../lib/gcc/arm-none-eabi/14.2.1/thumb/v6-m/nofp/crtbegin.o
 .text.frame_dummy
                0x08000210       0x20 /Users/rasil/Library/Application Support/Code/User/globalStorage/bmd.stm32-for-vscode/@xpack-dev-tools/arm-none-eabi-gcc/14.2.1-1.1.1/.content/bin/../lib/gcc/arm-none-eabi/14.2.1/thumb/v6-m/nofp/crtbegin.o
 .text.MX_GPIO_Init
                0x08000230       0x54 build/debug/main.o
 .text.Error_Handler
                0x08000284       0x14 build/debug/main.o
                0x08000284                Error_Handler
 .text.MX_I2C1_Init
                0x08000298       0x58 build/debug/main.o
 .text.MX_USART1_UART_Init
                0x080002f0       0x38 build/debug/main.o
 .text.SystemClock_Config
                0x08000328       0x76 build/debug/main.o
                0x08000328                SystemClock_Config
 *fill*         0x0800039e        0x2 
 .text.ADV7513_WriteVerifyReg
                0x080003a0      0x118 build/debug/main.o
                0x080003a0                ADV7513_WriteVerifyReg
 .text.ADV7513_PowerInit
                0x080004b8       0x98 build/debug/main.o
                0x080004b8                ADV7513_PowerInit
 .text.ADV7513_HDMI_Init
                0x08000550       0x80 build/debug/main.o
                0x08000550                ADV7513_HDMI_Init
 .text.main     0x080005d0       0x78 build/debug/main.o
                0x080005d0                main
 .text.HAL_InitTick
                0x08000648       0x50 build/debug/stm32f0xx_hal.o
                0x08000648                HAL_InitTick
 .text.HAL_Init
                0x08000698       0x20 build/debug/stm32f0xx_hal.o
                0x08000698                HAL_Init
 .text.HAL_IncTick
                0x080006b8       0x18 build/debug/stm32f0xx_hal.o
                0x080006b8                HAL_IncTick
 .text.HAL_GetTick
                0x080006d0        0xc build/debug/stm32f0xx_hal.o
                0x080006d0                HAL_GetTick
 .text.HAL_Delay
                0x080006dc       0x24 build/debug/stm32f0xx_hal.o
                0x080006dc                HAL_Delay
 .text.__NVIC_SetPriority
                0x08000700       0x60 build/debug/stm32f0xx_hal_cortex.o
 .text.SysTick_Config
                0x08000760       0x38 build/debug/stm32f0xx_hal_cortex.o
 .text.HAL_NVIC_SetPriority
                0x08000798        0x8 build/debug/stm32f0xx_hal_cortex.o
                0x08000798                HAL_NVIC_SetPriority
 .text.HAL_SYSTICK_Config
                0x080007a0        0x8 build/debug/stm32f0xx_hal_cortex.o
                0x080007a0                HAL_SYSTICK_Config
 .text.HAL_GPIO_Init
                0x080007a8      0x188 build/debug/stm32f0xx_hal_gpio.o
                0x080007a8                HAL_GPIO_Init
 .text.HAL_GPIO_WritePin
                0x08000930        0xc build/debug/stm32f0xx_hal_gpio.o
                0x08000930                HAL_GPIO_WritePin
 .text.HAL_GPIO_TogglePin
                0x0800093c       0x10 build/debug/stm32f0xx_hal_gpio.o
                0x0800093c                HAL_GPIO_TogglePin
 .text.I2C_Flush_TXDR
                0x0800094c       0x1e build/debug/stm32f0xx_hal_i2c.o
 *fill*         0x0800096a        0x2 
 .text.I2C_TransferConfig
                0x0800096c       0x34 build/debug/stm32f0xx_hal_i2c.o
 .text.I2C_IsErrorOccurred
                0x080009a0      0x118 build/debug/stm32f0xx_hal_i2c.o
 .text.I2C_WaitOnTXISFlagUntilTimeout
                0x08000ab8       0x5a build/debug/stm32f0xx_hal_i2c.o
 .text.I2C_WaitOnFlagUntilTimeout
                0x08000b12       0x8a build/debug/stm32f0xx_hal_i2c.o
 .text.I2C_RequestMemoryWrite
                0x08000b9c       0x78 build/debug/stm32f0xx_hal_i2c.o
 .text.I2C_RequestMemoryRead
                0x08000c14       0x74 build/debug/stm32f0xx_hal_i2c.o
 .text.I2C_WaitOnSTOPFlagUntilTimeout
                0x08000c88       0x5a build/debug/stm32f0xx_hal_i2c.o
 *fill*         0x08000ce2        0x2 
 .text.HAL_I2C_Init
                0x08000ce4       0xdc build/debug/stm32f0xx_hal_i2c.o
                0x08000ce4                HAL_I2C_Init
 .text.HAL_I2C_Mem_Write
                0x08000dc0      0x198 build/debug/stm32f0xx_hal_i2c.o
                0x08000dc0                HAL_I2C_Mem_Write
 .text.HAL_I2C_Mem_Read
                0x08000f58      0x1a0 build/debug/stm32f0xx_hal_i2c.o
                0x08000f58                HAL_I2C_Mem_Read
 .text.HAL_I2CEx_ConfigAnalogFilter
                0x080010f8       0x58 build/debug/stm32f0xx_hal_i2c_ex.o
                0x080010f8                HAL_I2CEx_ConfigAnalogFilter
 .text.HAL_I2CEx_ConfigDigitalFilter
                0x08001150       0x54 build/debug/stm32f0xx_hal_i2c_ex.o
                0x08001150                HAL_I2CEx_ConfigDigitalFilter
 .text.HAL_MspInit
                0x080011a4       0x30 build/debug/stm32f0xx_hal_msp.o
                0x080011a4                HAL_MspInit
 .text.HAL_I2C_MspInit
                0x080011d4       0x68 build/debug/stm32f0xx_hal_msp.o
                0x080011d4                HAL_I2C_MspInit
 .text.HAL_UART_MspInit
                0x0800123c       0x68 build/debug/stm32f0xx_hal_msp.o
                0x0800123c                HAL_UART_MspInit
 .text.HAL_RCC_OscConfig
                0x080012a4      0x49c build/debug/stm32f0xx_hal_rcc.o
                0x080012a4                HAL_RCC_OscConfig
 .text.HAL_RCC_GetSysClockFreq
                0x08001740       0x54 build/debug/stm32f0xx_hal_rcc.o
                0x08001740                HAL_RCC_GetSysClockFreq
 .text.HAL_RCC_ClockConfig
                0x08001794      0x134 build/debug/stm32f0xx_hal_rcc.o
                0x08001794                HAL_RCC_ClockConfig
 .text.HAL_RCC_GetHCLKFreq
                0x080018c8        0xc build/debug/stm32f0xx_hal_rcc.o
                0x080018c8                HAL_RCC_GetHCLKFreq
 .text.HAL_RCC_GetPCLK1Freq
                0x080018d4       0x20 build/debug/stm32f0xx_hal_rcc.o
                0x080018d4                HAL_RCC_GetPCLK1Freq
 .text.HAL_RCCEx_PeriphCLKConfig
                0x080018f4      0x120 build/debug/stm32f0xx_hal_rcc_ex.o
                0x080018f4                HAL_RCCEx_PeriphCLKConfig
 .text.UART_EndRxTransfer
                0x08001a14       0x60 build/debug/stm32f0xx_hal_uart.o
 .text.UART_SetConfig
                0x08001a74      0x150 build/debug/stm32f0xx_hal_uart.o
                0x08001a74                UART_SetConfig
 .text.UART_AdvFeatureConfig
                0x08001bc4       0xe0 build/debug/stm32f0xx_hal_uart.o
                0x08001bc4                UART_AdvFeatureConfig
 .text.UART_WaitOnFlagUntilTimeout
                0x08001ca4       0x9e build/debug/stm32f0xx_hal_uart.o
                0x08001ca4                UART_WaitOnFlagUntilTimeout
 .text.HAL_UART_Transmit
                0x08001d42       0xf0 build/debug/stm32f0xx_hal_uart.o
                0x08001d42                HAL_UART_Transmit
 *fill*         0x08001e32        0x2 
 .text.UART_CheckIdleState
                0x08001e34       0xd0 build/debug/stm32f0xx_hal_uart.o
                0x08001e34                UART_CheckIdleState
 .text.HAL_UART_Init
                0x08001f04       0x6c build/debug/stm32f0xx_hal_uart.o
                0x08001f04                HAL_UART_Init
 .text.NMI_Handler
                0x08001f70        0x2 build/debug/stm32f0xx_it.o
                0x08001f70                NMI_Handler
 .text.HardFault_Handler
                0x08001f72        0x2 build/debug/stm32f0xx_it.o
                0x08001f72                HardFault_Handler
 .text.SVC_Handler
                0x08001f74        0x2 build/debug/stm32f0xx_it.o
                0x08001f74                SVC_Handler
 .text.PendSV_Handler
                0x08001f76        0x2 build/debug/stm32f0xx_it.o
                0x08001f76                PendSV_Handler
 .text.SysTick_Handler
                0x08001f78        0x8 build/debug/stm32f0xx_it.o
                0x08001f78                SysTick_Handler
 .text.SystemInit
                0x08001f80        0x2 build/debug/system_stm32f0xx.o
                0x08001f80                SystemInit
 *fill*         0x08001f82        0x2 
 .text.Reset_Handler
                0x08001f84       0x50 build/debug/startup_stm32f030x6.o
                0x08001f84                Reset_Handler
 .text.Default_Handler
                0x08001fd4        0x2 build/debug/startup_stm32f030x6.o
                0x08001fd4                TIM1_BRK_UP_TRG_COM_IRQHandler
                0x08001fd4                I2C1_IRQHandler
                0x08001fd4                SPI1_IRQHandler
                0x08001fd4                EXTI2_3_IRQHandler
                0x08001fd4                ADC1_IRQHandler
                0x08001fd4                TIM17_IRQHandler
                0x08001fd4                RTC_IRQHandler
                0x08001fd4                TIM16_IRQHandler
                0x08001fd4                TIM3_IRQHandler
                0x08001fd4                EXTI4_15_IRQHandler
                0x08001fd4                RCC_IRQHandler
                0x08001fd4                DMA1_Channel1_IRQHandler
                0x08001fd4                Default_Handler
                0x08001fd4                TIM14_IRQHandler
                0x08001fd4                DMA1_Channel4_5_IRQHandler
                0x08001fd4                EXTI0_1_IRQHandler
                0x08001fd4                WWDG_IRQHandler
                0x08001fd4                DMA1_Channel2_3_IRQHandler
                0x08001fd4                FLASH_IRQHandler
                0x08001fd4                USART1_IRQHandler
                0x08001fd4                TIM1_CC_IRQHandler
 .text.memset   0x08001fd6       0x10 /Users/rasil/Library/Application Support/Code/User/globalStorage/bmd.stm32-for-vscode/@xpack-dev-tools/arm-none-eabi-gcc/14.2.1-1.1.1/.content/bin/../lib/gcc/arm-none-eabi/14.2.1/../../../../arm-none-eabi/lib/thumb/v6-m/nofp/libc_nano.a(libc_a-memset.o)
                0x08001fd6                memset
 *fill*         0x08001fe6        0x2 
 .text.__libc_init_array
                0x08001fe8       0x48 /Users/rasil/Library/Application Support/Code/User/globalStorage/bmd.stm32-for-vscode/@xpack-dev-tools/arm-none-eabi-gcc/14.2.1-1.1.1/.content/bin/../lib/gcc/arm-none-eabi/14.2.1/../../../../arm-none-eabi/lib/thumb/v6-m/nofp/libc_nano.a(libc_a-init.o)
                0x08001fe8                __libc_init_array
 .text.memcpy   0x08002030       0x12 /Users/rasil/Library/Application Support/Code/User/globalStorage/bmd.stm32-for-vscode/@xpack-dev-tools/arm-none-eabi-gcc/14.2.1-1.1.1/.content/bin/../lib/gcc/arm-none-eabi/14.2.1/../../../../arm-none-eabi/lib/thumb/v6-m/nofp/libc_nano.a(libc_a-memcpy-stub.o)
                0x08002030                memcpy
 *(.glue_7)
 .glue_7        0x08002042        0x0 linker stubs
 *(.glue_7t)
 .glue_7t       0x08002042        0x0 linker stubs
 *(.eh_frame)
 *fill*         0x08002042        0x2 
 .eh_frame      0x08002044        0x0 /Users/rasil/Library/Application Support/Code/User/globalStorage/bmd.stm32-for-vscode/@xpack-dev-tools/arm-none-eabi-gcc/14.2.1-1.1.1/.content/bin/../lib/gcc/arm-none-eabi/14.2.1/thumb/v6-m/nofp/crtbegin.o
 *(.init)
 .init          0x08002044        0x4 /Users/rasil/Library/Application Support/Code/User/globalStorage/bmd.stm32-for-vscode/@xpack-dev-tools/arm-none-eabi-gcc/14.2.1-1.1.1/.content/bin/../lib/gcc/arm-none-eabi/14.2.1/thumb/v6-m/nofp/crti.o
                0x08002044                _init
 .init          0x08002048        0x8 /Users/rasil/Library/Application Support/Code/User/globalStorage/bmd.stm32-for-vscode/@xpack-dev-tools/arm-none-eabi-gcc/14.2.1-1.1.1/.content/bin/../lib/gcc/arm-none-eabi/14.2.1/thumb/v6-m/nofp/crtn.o
 *(.fini)
 .fini          0x08002050        0x4 /Users/rasil/Library/Application Support/Code/User/globalStorage/bmd.stm32-for-vscode/@xpack-dev-tools/arm-none-eabi-gcc/14.2.1-1.1.1/.content/bin/../lib/gcc/arm-none-eabi/14.2.1/thumb/v6-m/nofp/crti.o
                0x08002050                _fini
 .fini          0x08002054        0x8 /Users/rasil/Library/Application Support/Code/User/globalStorage/bmd.stm32-for-vscode/@xpack-dev-tools/arm-none-eabi-gcc/14.2.1-1.1.1/.content/bin/../lib/gcc/arm-none-eabi/14.2.1/thumb/v6-m/nofp/crtn.o
                0x0800205c                        . = ALIGN (0x4)
                0x0800205c                        _etext = .

.vfp11_veneer   0x0800205c        0x0
 .vfp11_veneer  0x0800205c        0x0 linker stubs

.v4_bx          0x0800205c        0x0
 .v4_bx         0x0800205c        0x0 linker stubs

.iplt           0x0800205c        0x0
 .iplt          0x0800205c        0x0 /Users/rasil/Library/Application Support/Code/User/globalStorage/bmd.stm32-for-vscode/@xpack-dev-tools/arm-none-eabi-gcc/14.2.1-1.1.1/.content/bin/../lib/gcc/arm-none-eabi/14.2.1/thumb/v6-m/nofp/crtbegin.o

.rodata         0x0800205c      0x260
                0x0800205c                        . = ALIGN (0x4)
 *(.rodata)
 .rodata        0x0800205c       0xa0 build/debug/main.o
 *(.rodata*)
 .rodata.ADV7513_WriteVerifyReg.str1.4
                0x080020fc      0x185 build/debug/main.o
                                 0x38 (size before relaxing)
 .rodata.ADV7513_PowerInit.str1.4
                0x08002281       0x18 build/debug/main.o
 .rodata.ADV7513_HDMI_Init.str1.4
                0x08002281       0x1e build/debug/main.o
 .rodata.main.str1.4
                0x08002281       0x2d build/debug/main.o
 .rodata.str1.4
                0x08002281       0xe5 build/debug/main.o
 *fill*         0x08002281        0x3 
 .rodata.aPredivFactorTable.0
                0x08002284       0x10 build/debug/stm32f0xx_hal_rcc.o
 .rodata.aPLLMULFactorTable.1
                0x08002294       0x10 build/debug/stm32f0xx_hal_rcc.o
 .rodata.APBPrescTable
                0x080022a4        0x8 build/debug/system_stm32f0xx.o
                0x080022a4                APBPrescTable
 .rodata.AHBPrescTable
                0x080022ac       0x10 build/debug/system_stm32f0xx.o
                0x080022ac                AHBPrescTable
                0x080022bc                        . = ALIGN (0x4)

.ARM.extab      0x080022bc        0x0
                0x080022bc                        . = ALIGN (0x4)
 *(.ARM.extab* .gnu.linkonce.armextab.*)
                0x080022bc                        . = ALIGN (0x4)

.ARM            0x080022bc        0x0
                0x080022bc                        . = ALIGN (0x4)
                0x080022bc                        __exidx_start = .
 *(.ARM.exidx*)
                0x080022bc                        __exidx_end = .
                0x080022bc                        . = ALIGN (0x4)

.preinit_array  0x080022bc        0x0
                0x080022bc                        . = ALIGN (0x4)
                0x080022bc                        PROVIDE (__preinit_array_start = .)
 *(.preinit_array*)
                0x080022bc                        PROVIDE (__preinit_array_end = .)
                0x080022bc                        . = ALIGN (0x4)

.init_array     0x080022bc        0x4
                0x080022bc                        . = ALIGN (0x4)
                0x080022bc                        PROVIDE (__init_array_start = .)
 *(SORT_BY_NAME(.init_array.*))
 *(.init_array*)
 .init_array    0x080022bc        0x4 /Users/rasil/Library/Application Support/Code/User/globalStorage/bmd.stm32-for-vscode/@xpack-dev-tools/arm-none-eabi-gcc/14.2.1-1.1.1/.content/bin/../lib/gcc/arm-none-eabi/14.2.1/thumb/v6-m/nofp/crtbegin.o
                0x080022c0                        PROVIDE (__init_array_end = .)
                0x080022c0                        . = ALIGN (0x4)

.fini_array     0x080022c0        0x4
                0x080022c0                        . = ALIGN (0x4)
                0x080022c0                        PROVIDE (__fini_array_start = .)
 *(SORT_BY_NAME(.fini_array.*))
 *(.fini_array*)
 .fini_array    0x080022c0        0x4 /Users/rasil/Library/Application Support/Code/User/globalStorage/bmd.stm32-for-vscode/@xpack-dev-tools/arm-none-eabi-gcc/14.2.1-1.1.1/.content/bin/../lib/gcc/arm-none-eabi/14.2.1/thumb/v6-m/nofp/crtbegin.o
                0x080022c4                        PROVIDE (__fini_array_end = .)
                0x080022c4                        . = ALIGN (0x4)
                0x080022c4                        _sidata = LOADADDR (.data)

.rel.dyn        0x080022c4        0x0
 .rel.iplt      0x080022c4        0x0 /Users/rasil/Library/Application Support/Code/User/globalStorage/bmd.stm32-for-vscode/@xpack-dev-tools/arm-none-eabi-gcc/14.2.1-1.1.1/.content/bin/../lib/gcc/arm-none-eabi/14.2.1/thumb/v6-m/nofp/crtbegin.o

.data           0x20000000        0xc load address 0x080022c4
                0x20000000                        . = ALIGN (0x4)
                0x20000000                        _sdata = .
 *(.data)
 *(.data*)
 .data.uwTickFreq
                0x20000000        0x1 build/debug/stm32f0xx_hal.o
                0x20000000                uwTickFreq
 *fill*         0x20000001        0x3 
 .data.uwTickPrio
                0x20000004        0x4 build/debug/stm32f0xx_hal.o
                0x20000004                uwTickPrio
 .data.SystemCoreClock
                0x20000008        0x4 build/debug/system_stm32f0xx.o
                0x20000008                SystemCoreClock
 *(.RamFunc)
 *(.RamFunc*)
                0x2000000c                        . = ALIGN (0x4)
                0x2000000c                        _edata = .

.igot.plt       0x2000000c        0x0 load address 0x080022d0
 .igot.plt      0x2000000c        0x0 /Users/rasil/Library/Application Support/Code/User/globalStorage/bmd.stm32-for-vscode/@xpack-dev-tools/arm-none-eabi-gcc/14.2.1-1.1.1/.content/bin/../lib/gcc/arm-none-eabi/14.2.1/thumb/v6-m/nofp/crtbegin.o
                0x2000000c                        . = ALIGN (0x4)

.bss            0x2000000c       0xfc load address 0x080022d0
                0x2000000c                        _sbss = .
                0x2000000c                        __bss_start__ = _sbss
 *(.bss)
 *(.bss*)
 .bss.completed.1
                0x2000000c        0x1 /Users/rasil/Library/Application Support/Code/User/globalStorage/bmd.stm32-for-vscode/@xpack-dev-tools/arm-none-eabi-gcc/14.2.1-1.1.1/.content/bin/../lib/gcc/arm-none-eabi/14.2.1/thumb/v6-m/nofp/crtbegin.o
 *fill*         0x2000000d        0x3 
 .bss.object.0  0x20000010       0x18 /Users/rasil/Library/Application Support/Code/User/globalStorage/bmd.stm32-for-vscode/@xpack-dev-tools/arm-none-eabi-gcc/14.2.1-1.1.1/.content/bin/../lib/gcc/arm-none-eabi/14.2.1/thumb/v6-m/nofp/crtbegin.o
 .bss.huart1    0x20000028       0x88 build/debug/main.o
                0x20000028                huart1
 .bss.hi2c1     0x200000b0       0x54 build/debug/main.o
                0x200000b0                hi2c1
 .bss.uwTick    0x20000104        0x4 build/debug/stm32f0xx_hal.o
                0x20000104                uwTick
 *(COMMON)
                0x20000108                        . = ALIGN (0x4)
                0x20000108                        _ebss = .
                0x20000108                        __bss_end__ = _ebss

._user_heap_stack
                0x20000108      0x600 load address 0x080022d0
                0x20000108                        . = ALIGN (0x8)
                [!provide]                        PROVIDE (end = .)
                0x20000108                        PROVIDE (_end = .)
                0x20000308                        . = (. + _Min_Heap_Size)
 *fill*         0x20000108      0x200 
                0x20000708                        . = (. + _Min_Stack_Size)
 *fill*         0x20000308      0x400 
                0x20000708                        . = ALIGN (0x8)

/DISCARD/
 libc.a(*)
 libm.a(*)
 libgcc.a(*)
OUTPUT(build/debug/adv7513VsCode.elf elf32-littlearm)
LOAD linker stubs
LOAD /Users/rasil/Library/Application Support/Code/User/globalStorage/bmd.stm32-for-vscode/@xpack-dev-tools/arm-none-eabi-gcc/14.2.1-1.1.1/.content/bin/../lib/gcc/arm-none-eabi/14.2.1/../../../../arm-none-eabi/lib/thumb/v6-m/nofp/libc.a
LOAD /Users/rasil/Library/Application Support/Code/User/globalStorage/bmd.stm32-for-vscode/@xpack-dev-tools/arm-none-eabi-gcc/14.2.1-1.1.1/.content/bin/../lib/gcc/arm-none-eabi/14.2.1/../../../../arm-none-eabi/lib/thumb/v6-m/nofp/libm.a
LOAD /Users/rasil/Library/Application Support/Code/User/globalStorage/bmd.stm32-for-vscode/@xpack-dev-tools/arm-none-eabi-gcc/14.2.1-1.1.1/.content/bin/../lib/gcc/arm-none-eabi/14.2.1/thumb/v6-m/nofp/libgcc.a

.ARM.attributes
                0x00000000       0x28
 .ARM.attributes
                0x00000000       0x1e /Users/rasil/Library/Application Support/Code/User/globalStorage/bmd.stm32-for-vscode/@xpack-dev-tools/arm-none-eabi-gcc/14.2.1-1.1.1/.content/bin/../lib/gcc/arm-none-eabi/14.2.1/thumb/v6-m/nofp/crti.o
 .ARM.attributes
                0x0000001e       0x2c /Users/rasil/Library/Application Support/Code/User/globalStorage/bmd.stm32-for-vscode/@xpack-dev-tools/arm-none-eabi-gcc/14.2.1-1.1.1/.content/bin/../lib/gcc/arm-none-eabi/14.2.1/thumb/v6-m/nofp/crtbegin.o
 .ARM.attributes
                0x0000004a       0x2c build/debug/main.o
 .ARM.attributes
                0x00000076       0x2c build/debug/stm32f0xx_hal.o
 .ARM.attributes
                0x000000a2       0x2c build/debug/stm32f0xx_hal_cortex.o
 .ARM.attributes
                0x000000ce       0x2c build/debug/stm32f0xx_hal_gpio.o
 .ARM.attributes
                0x000000fa       0x2c build/debug/stm32f0xx_hal_i2c.o
 .ARM.attributes
                0x00000126       0x2c build/debug/stm32f0xx_hal_i2c_ex.o
 .ARM.attributes
                0x00000152       0x2c build/debug/stm32f0xx_hal_msp.o
 .ARM.attributes
                0x0000017e       0x2c build/debug/stm32f0xx_hal_rcc.o
 .ARM.attributes
                0x000001aa       0x2c build/debug/stm32f0xx_hal_rcc_ex.o
 .ARM.attributes
                0x000001d6       0x2c build/debug/stm32f0xx_hal_uart.o
 .ARM.attributes
                0x00000202       0x2c build/debug/stm32f0xx_it.o
 .ARM.attributes
                0x0000022e       0x2c build/debug/system_stm32f0xx.o
 .ARM.attributes
                0x0000025a       0x21 build/debug/startup_stm32f030x6.o
 .ARM.attributes
                0x0000027b       0x2c /Users/rasil/Library/Application Support/Code/User/globalStorage/bmd.stm32-for-vscode/@xpack-dev-tools/arm-none-eabi-gcc/14.2.1-1.1.1/.content/bin/../lib/gcc/arm-none-eabi/14.2.1/../../../../arm-none-eabi/lib/thumb/v6-m/nofp/libc_nano.a(libc_a-memset.o)
 .ARM.attributes
                0x000002a7       0x2c /Users/rasil/Library/Application Support/Code/User/globalStorage/bmd.stm32-for-vscode/@xpack-dev-tools/arm-none-eabi-gcc/14.2.1-1.1.1/.content/bin/../lib/gcc/arm-none-eabi/14.2.1/../../../../arm-none-eabi/lib/thumb/v6-m/nofp/libc_nano.a(libc_a-init.o)
 .ARM.attributes
                0x000002d3       0x2c /Users/rasil/Library/Application Support/Code/User/globalStorage/bmd.stm32-for-vscode/@xpack-dev-tools/arm-none-eabi-gcc/14.2.1-1.1.1/.content/bin/../lib/gcc/arm-none-eabi/14.2.1/../../../../arm-none-eabi/lib/thumb/v6-m/nofp/libc_nano.a(libc_a-memcpy-stub.o)
 .ARM.attributes
                0x000002ff       0x1c /Users/rasil/Library/Application Support/Code/User/globalStorage/bmd.stm32-for-vscode/@xpack-dev-tools/arm-none-eabi-gcc/14.2.1-1.1.1/.content/bin/../lib/gcc/arm-none-eabi/14.2.1/../../../../arm-none-eabi/lib/thumb/v6-m/nofp/libc_nano.a(libc_a-strlen.o)
 .ARM.attributes
                0x0000031b       0x1e /Users/rasil/Library/Application Support/Code/User/globalStorage/bmd.stm32-for-vscode/@xpack-dev-tools/arm-none-eabi-gcc/14.2.1-1.1.1/.content/bin/../lib/gcc/arm-none-eabi/14.2.1/thumb/v6-m/nofp/libgcc.a(_udivsi3.o)
 .ARM.attributes
                0x00000339       0x1e /Users/rasil/Library/Application Support/Code/User/globalStorage/bmd.stm32-for-vscode/@xpack-dev-tools/arm-none-eabi-gcc/14.2.1-1.1.1/.content/bin/../lib/gcc/arm-none-eabi/14.2.1/thumb/v6-m/nofp/libgcc.a(_dvmd_tls.o)
 .ARM.attributes
                0x00000357       0x1e /Users/rasil/Library/Application Support/Code/User/globalStorage/bmd.stm32-for-vscode/@xpack-dev-tools/arm-none-eabi-gcc/14.2.1-1.1.1/.content/bin/../lib/gcc/arm-none-eabi/14.2.1/thumb/v6-m/nofp/crtn.o

.comment        0x00000000       0x38
 .comment       0x00000000       0x38 /Users/rasil/Library/Application Support/Code/User/globalStorage/bmd.stm32-for-vscode/@xpack-dev-tools/arm-none-eabi-gcc/14.2.1-1.1.1/.content/bin/../lib/gcc/arm-none-eabi/14.2.1/thumb/v6-m/nofp/crtbegin.o
                                 0x39 (size before relaxing)
 .comment       0x00000038       0x39 build/debug/main.o
 .comment       0x00000038       0x39 build/debug/stm32f0xx_hal.o
 .comment       0x00000038       0x39 build/debug/stm32f0xx_hal_cortex.o
 .comment       0x00000038       0x39 build/debug/stm32f0xx_hal_gpio.o
 .comment       0x00000038       0x39 build/debug/stm32f0xx_hal_i2c.o
 .comment       0x00000038       0x39 build/debug/stm32f0xx_hal_i2c_ex.o
 .comment       0x00000038       0x39 build/debug/stm32f0xx_hal_msp.o
 .comment       0x00000038       0x39 build/debug/stm32f0xx_hal_rcc.o
 .comment       0x00000038       0x39 build/debug/stm32f0xx_hal_rcc_ex.o
 .comment       0x00000038       0x39 build/debug/stm32f0xx_hal_uart.o
 .comment       0x00000038       0x39 build/debug/stm32f0xx_it.o
 .comment       0x00000038       0x39 build/debug/system_stm32f0xx.o
 .comment       0x00000038       0x39 /Users/rasil/Library/Application Support/Code/User/globalStorage/bmd.stm32-for-vscode/@xpack-dev-tools/arm-none-eabi-gcc/14.2.1-1.1.1/.content/bin/../lib/gcc/arm-none-eabi/14.2.1/../../../../arm-none-eabi/lib/thumb/v6-m/nofp/libc_nano.a(libc_a-memset.o)
 .comment       0x00000038       0x39 /Users/rasil/Library/Application Support/Code/User/globalStorage/bmd.stm32-for-vscode/@xpack-dev-tools/arm-none-eabi-gcc/14.2.1-1.1.1/.content/bin/../lib/gcc/arm-none-eabi/14.2.1/../../../../arm-none-eabi/lib/thumb/v6-m/nofp/libc_nano.a(libc_a-init.o)
 .comment       0x00000038       0x39 /Users/rasil/Library/Application Support/Code/User/globalStorage/bmd.stm32-for-vscode/@xpack-dev-tools/arm-none-eabi-gcc/14.2.1-1.1.1/.content/bin/../lib/gcc/arm-none-eabi/14.2.1/../../../../arm-none-eabi/lib/thumb/v6-m/nofp/libc_nano.a(libc_a-memcpy-stub.o)

.debug_info     0x00000000     0xe48e
 .debug_info    0x00000000     0x1855 build/debug/main.o
 .debug_info    0x00001855      0x6f5 build/debug/stm32f0xx_hal.o
 .debug_info    0x00001f4a      0x7bd build/debug/stm32f0xx_hal_cortex.o
 .debug_info    0x00002707      0x600 build/debug/stm32f0xx_hal_gpio.o
 .debug_info    0x00002d07     0x42a3 build/debug/stm32f0xx_hal_i2c.o
 .debug_info    0x00006faa      0x7f4 build/debug/stm32f0xx_hal_i2c_ex.o
 .debug_info    0x0000779e      0xd58 build/debug/stm32f0xx_hal_msp.o
 .debug_info    0x000084f6      0xa3a build/debug/stm32f0xx_hal_rcc.o
 .debug_info    0x00008f30      0x3bd build/debug/stm32f0xx_hal_rcc_ex.o
 .debug_info    0x000092ed     0x4e29 build/debug/stm32f0xx_hal_uart.o
 .debug_info    0x0000e116       0xe4 build/debug/stm32f0xx_it.o
 .debug_info    0x0000e1fa      0x264 build/debug/system_stm32f0xx.o
 .debug_info    0x0000e45e       0x30 build/debug/startup_stm32f030x6.o

.debug_abbrev   0x00000000     0x19cf
 .debug_abbrev  0x00000000      0x2f7 build/debug/main.o
 .debug_abbrev  0x000002f7      0x269 build/debug/stm32f0xx_hal.o
 .debug_abbrev  0x00000560      0x2ec build/debug/stm32f0xx_hal_cortex.o
 .debug_abbrev  0x0000084c      0x1f4 build/debug/stm32f0xx_hal_gpio.o
 .debug_abbrev  0x00000a40      0x2a9 build/debug/stm32f0xx_hal_i2c.o
 .debug_abbrev  0x00000ce9      0x1d8 build/debug/stm32f0xx_hal_i2c_ex.o
 .debug_abbrev  0x00000ec1      0x1cb build/debug/stm32f0xx_hal_msp.o
 .debug_abbrev  0x0000108c      0x29c build/debug/stm32f0xx_hal_rcc.o
 .debug_abbrev  0x00001328      0x1ac build/debug/stm32f0xx_hal_rcc_ex.o
 .debug_abbrev  0x000014d4      0x325 build/debug/stm32f0xx_hal_uart.o
 .debug_abbrev  0x000017f9       0x7c build/debug/stm32f0xx_it.o
 .debug_abbrev  0x00001875      0x136 build/debug/system_stm32f0xx.o
 .debug_abbrev  0x000019ab       0x24 build/debug/startup_stm32f030x6.o

.debug_loclists
                0x00000000     0x716c
 .debug_loclists
                0x00000000      0x109 build/debug/main.o
 .debug_loclists
                0x00000109       0xe1 build/debug/stm32f0xx_hal.o
 .debug_loclists
                0x000001ea      0x208 build/debug/stm32f0xx_hal_cortex.o
 .debug_loclists
                0x000003f2      0x28d build/debug/stm32f0xx_hal_gpio.o
 .debug_loclists
                0x0000067f     0x3d65 build/debug/stm32f0xx_hal_i2c.o
 .debug_loclists
                0x000043e4      0x106 build/debug/stm32f0xx_hal_i2c_ex.o
 .debug_loclists
                0x000044ea       0xda build/debug/stm32f0xx_hal_msp.o
 .debug_loclists
                0x000045c4      0x423 build/debug/stm32f0xx_hal_rcc.o
 .debug_loclists
                0x000049e7      0x2c7 build/debug/stm32f0xx_hal_rcc_ex.o
 .debug_loclists
                0x00004cae     0x23c9 build/debug/stm32f0xx_hal_uart.o
 .debug_loclists
                0x00007077       0xf5 build/debug/system_stm32f0xx.o

.debug_aranges  0x00000000      0x890
 .debug_aranges
                0x00000000       0x60 build/debug/main.o
 .debug_aranges
                0x00000060       0xd0 build/debug/stm32f0xx_hal.o
 .debug_aranges
                0x00000130       0x98 build/debug/stm32f0xx_hal_cortex.o
 .debug_aranges
                0x000001c8       0x58 build/debug/stm32f0xx_hal_gpio.o
 .debug_aranges
                0x00000220      0x2a0 build/debug/stm32f0xx_hal_i2c.o
 .debug_aranges
                0x000004c0       0x38 build/debug/stm32f0xx_hal_i2c_ex.o
 .debug_aranges
                0x000004f8       0x40 build/debug/stm32f0xx_hal_msp.o
 .debug_aranges
                0x00000538       0x80 build/debug/stm32f0xx_hal_rcc.o
 .debug_aranges
                0x000005b8       0x30 build/debug/stm32f0xx_hal_rcc_ex.o
 .debug_aranges
                0x000005e8      0x218 build/debug/stm32f0xx_hal_uart.o
 .debug_aranges
                0x00000800       0x40 build/debug/stm32f0xx_it.o
 .debug_aranges
                0x00000840       0x28 build/debug/system_stm32f0xx.o
 .debug_aranges
                0x00000868       0x28 build/debug/startup_stm32f030x6.o

.debug_rnglists
                0x00000000      0x6ea
 .debug_rnglists
                0x00000000       0x5e build/debug/main.o
 .debug_rnglists
                0x0000005e       0x97 build/debug/stm32f0xx_hal.o
 .debug_rnglists
                0x000000f5       0x79 build/debug/stm32f0xx_hal_cortex.o
 .debug_rnglists
                0x0000016e       0x3f build/debug/stm32f0xx_hal_gpio.o
 .debug_rnglists
                0x000001ad      0x21e build/debug/stm32f0xx_hal_i2c.o
 .debug_rnglists
                0x000003cb       0x25 build/debug/stm32f0xx_hal_i2c_ex.o
 .debug_rnglists
                0x000003f0       0x2b build/debug/stm32f0xx_hal_msp.o
 .debug_rnglists
                0x0000041b       0x6e build/debug/stm32f0xx_hal_rcc.o
 .debug_rnglists
                0x00000489       0x2f build/debug/stm32f0xx_hal_rcc_ex.o
 .debug_rnglists
                0x000004b8      0x1d4 build/debug/stm32f0xx_hal_uart.o
 .debug_rnglists
                0x0000068c       0x2b build/debug/stm32f0xx_it.o
 .debug_rnglists
                0x000006b7       0x1a build/debug/system_stm32f0xx.o
 .debug_rnglists
                0x000006d1       0x19 build/debug/startup_stm32f030x6.o

.debug_line     0x00000000     0xc796
 .debug_line    0x00000000      0x892 build/debug/main.o
 .debug_line    0x00000892      0x5c5 build/debug/stm32f0xx_hal.o
 .debug_line    0x00000e57      0x5d6 build/debug/stm32f0xx_hal_cortex.o
 .debug_line    0x0000142d      0x74c build/debug/stm32f0xx_hal_gpio.o
 .debug_line    0x00001b79     0x501b build/debug/stm32f0xx_hal_i2c.o
 .debug_line    0x00006b94      0x3b5 build/debug/stm32f0xx_hal_i2c_ex.o
 .debug_line    0x00006f49      0x3e9 build/debug/stm32f0xx_hal_msp.o
 .debug_line    0x00007332      0xce0 build/debug/stm32f0xx_hal_rcc.o
 .debug_line    0x00008012      0x541 build/debug/stm32f0xx_hal_rcc_ex.o
 .debug_line    0x00008553     0x3e25 build/debug/stm32f0xx_hal_uart.o
 .debug_line    0x0000c378       0xdf build/debug/stm32f0xx_it.o
 .debug_line    0x0000c457      0x2c8 build/debug/system_stm32f0xx.o
 .debug_line    0x0000c71f       0x77 build/debug/startup_stm32f030x6.o

.debug_str      0x00000000     0x286e
 .debug_str     0x00000000     0x286e build/debug/main.o
                                0xd37 (size before relaxing)
 .debug_str     0x0000286e      0x64f build/debug/stm32f0xx_hal.o
 .debug_str     0x0000286e      0x590 build/debug/stm32f0xx_hal_cortex.o
 .debug_str     0x0000286e      0x3d1 build/debug/stm32f0xx_hal_gpio.o
 .debug_str     0x0000286e      0xf9d build/debug/stm32f0xx_hal_i2c.o
 .debug_str     0x0000286e      0x76f build/debug/stm32f0xx_hal_i2c_ex.o
 .debug_str     0x0000286e      0x9b5 build/debug/stm32f0xx_hal_msp.o
 .debug_str     0x0000286e      0x632 build/debug/stm32f0xx_hal_rcc.o
 .debug_str     0x0000286e      0x389 build/debug/stm32f0xx_hal_rcc_ex.o
 .debug_str     0x0000286e      0xe6f build/debug/stm32f0xx_hal_uart.o
 .debug_str     0x0000286e      0x1b1 build/debug/stm32f0xx_it.o
 .debug_str     0x0000286e      0x24e build/debug/system_stm32f0xx.o
 .debug_str     0x0000286e       0x57 build/debug/startup_stm32f030x6.o

.debug_frame    0x00000000     0x169c
 .debug_frame   0x00000000      0x108 build/debug/main.o
 .debug_frame   0x00000108      0x1ac build/debug/stm32f0xx_hal.o
 .debug_frame   0x000002b4      0x144 build/debug/stm32f0xx_hal_cortex.o
 .debug_frame   0x000003f8       0xc0 build/debug/stm32f0xx_hal_gpio.o
 .debug_frame   0x000004b8      0x8b8 build/debug/stm32f0xx_hal_i2c.o
 .debug_frame   0x00000d70       0x78 build/debug/stm32f0xx_hal_i2c_ex.o
 .debug_frame   0x00000de8       0x8c build/debug/stm32f0xx_hal_msp.o
 .debug_frame   0x00000e74      0x138 build/debug/stm32f0xx_hal_rcc.o
 .debug_frame   0x00000fac       0x58 build/debug/stm32f0xx_hal_rcc_ex.o
 .debug_frame   0x00001004      0x5f8 build/debug/stm32f0xx_hal_uart.o
 .debug_frame   0x000015fc       0x68 build/debug/stm32f0xx_it.o
 .debug_frame   0x00001664       0x38 build/debug/system_stm32f0xx.o

.debug_line_str
                0x00000000       0x3b
 .debug_line_str
                0x00000000       0x3b build/debug/startup_stm32f030x6.o

Cross Reference Table

Symbol                                            File
ADC1_IRQHandler                                   build/debug/startup_stm32f030x6.o
ADV7513_HDMI_Init                                 build/debug/main.o
ADV7513_PowerInit                                 build/debug/main.o
ADV7513_WriteVerifyReg                            build/debug/main.o
AHBPrescTable                                     build/debug/system_stm32f0xx.o
                                                  build/debug/stm32f0xx_hal_rcc.o
APBPrescTable                                     build/debug/system_stm32f0xx.o
                                                  build/debug/stm32f0xx_hal_rcc.o
DMA1_Channel1_IRQHandler                          build/debug/startup_stm32f030x6.o
DMA1_Channel2_3_IRQHandler                        build/debug/startup_stm32f030x6.o
DMA1_Channel4_5_IRQHandler                        build/debug/startup_stm32f030x6.o
Default_Handler                                   build/debug/startup_stm32f030x6.o
EXTI0_1_IRQHandler                                build/debug/startup_stm32f030x6.o
EXTI2_3_IRQHandler                                build/debug/startup_stm32f030x6.o
EXTI4_15_IRQHandler                               build/debug/startup_stm32f030x6.o
Error_Handler                                     build/debug/main.o
FLASH_IRQHandler                                  build/debug/startup_stm32f030x6.o
FLASH_PageErase                                   build/debug/stm32f0xx_hal_flash_ex.o
                                                  build/debug/stm32f0xx_hal_flash.o
FLASH_WaitForLastOperation                        build/debug/stm32f0xx_hal_flash.o
                                                  build/debug/stm32f0xx_hal_flash_ex.o
HAL_DBGMCU_DisableDBGStandbyMode                  build/debug/stm32f0xx_hal.o
HAL_DBGMCU_DisableDBGStopMode                     build/debug/stm32f0xx_hal.o
HAL_DBGMCU_EnableDBGStandbyMode                   build/debug/stm32f0xx_hal.o
HAL_DBGMCU_EnableDBGStopMode                      build/debug/stm32f0xx_hal.o
HAL_DMA_Abort                                     build/debug/stm32f0xx_hal_dma.o
                                                  build/debug/stm32f0xx_hal_uart.o
HAL_DMA_Abort_IT                                  build/debug/stm32f0xx_hal_dma.o
                                                  build/debug/stm32f0xx_hal_uart.o
                                                  build/debug/stm32f0xx_hal_i2c.o
HAL_DMA_DeInit                                    build/debug/stm32f0xx_hal_dma.o
HAL_DMA_GetError                                  build/debug/stm32f0xx_hal_dma.o
                                                  build/debug/stm32f0xx_hal_uart.o
HAL_DMA_GetState                                  build/debug/stm32f0xx_hal_dma.o
                                                  build/debug/stm32f0xx_hal_i2c.o
HAL_DMA_IRQHandler                                build/debug/stm32f0xx_hal_dma.o
HAL_DMA_Init                                      build/debug/stm32f0xx_hal_dma.o
HAL_DMA_PollForTransfer                           build/debug/stm32f0xx_hal_dma.o
HAL_DMA_RegisterCallback                          build/debug/stm32f0xx_hal_dma.o
HAL_DMA_Start                                     build/debug/stm32f0xx_hal_dma.o
HAL_DMA_Start_IT                                  build/debug/stm32f0xx_hal_dma.o
                                                  build/debug/stm32f0xx_hal_uart.o
                                                  build/debug/stm32f0xx_hal_i2c.o
HAL_DMA_UnRegisterCallback                        build/debug/stm32f0xx_hal_dma.o
HAL_DeInit                                        build/debug/stm32f0xx_hal.o
HAL_Delay                                         build/debug/stm32f0xx_hal.o
                                                  build/debug/main.o
HAL_EXTI_ClearConfigLine                          build/debug/stm32f0xx_hal_exti.o
HAL_EXTI_ClearPending                             build/debug/stm32f0xx_hal_exti.o
HAL_EXTI_GenerateSWI                              build/debug/stm32f0xx_hal_exti.o
HAL_EXTI_GetConfigLine                            build/debug/stm32f0xx_hal_exti.o
HAL_EXTI_GetHandle                                build/debug/stm32f0xx_hal_exti.o
HAL_EXTI_GetPending                               build/debug/stm32f0xx_hal_exti.o
HAL_EXTI_IRQHandler                               build/debug/stm32f0xx_hal_exti.o
HAL_EXTI_RegisterCallback                         build/debug/stm32f0xx_hal_exti.o
HAL_EXTI_SetConfigLine                            build/debug/stm32f0xx_hal_exti.o
HAL_FLASHEx_Erase                                 build/debug/stm32f0xx_hal_flash_ex.o
HAL_FLASHEx_Erase_IT                              build/debug/stm32f0xx_hal_flash_ex.o
HAL_FLASHEx_OBErase                               build/debug/stm32f0xx_hal_flash_ex.o
HAL_FLASHEx_OBGetConfig                           build/debug/stm32f0xx_hal_flash_ex.o
HAL_FLASHEx_OBGetUserData                         build/debug/stm32f0xx_hal_flash_ex.o
HAL_FLASHEx_OBProgram                             build/debug/stm32f0xx_hal_flash_ex.o
HAL_FLASH_EndOfOperationCallback                  build/debug/stm32f0xx_hal_flash.o
HAL_FLASH_GetError                                build/debug/stm32f0xx_hal_flash.o
HAL_FLASH_IRQHandler                              build/debug/stm32f0xx_hal_flash.o
HAL_FLASH_Lock                                    build/debug/stm32f0xx_hal_flash.o
HAL_FLASH_OB_Launch                               build/debug/stm32f0xx_hal_flash.o
HAL_FLASH_OB_Lock                                 build/debug/stm32f0xx_hal_flash.o
HAL_FLASH_OB_Unlock                               build/debug/stm32f0xx_hal_flash.o
HAL_FLASH_OperationErrorCallback                  build/debug/stm32f0xx_hal_flash.o
HAL_FLASH_Program                                 build/debug/stm32f0xx_hal_flash.o
HAL_FLASH_Program_IT                              build/debug/stm32f0xx_hal_flash.o
HAL_FLASH_Unlock                                  build/debug/stm32f0xx_hal_flash.o
HAL_GPIO_DeInit                                   build/debug/stm32f0xx_hal_gpio.o
                                                  build/debug/stm32f0xx_hal_msp.o
HAL_GPIO_EXTI_Callback                            build/debug/stm32f0xx_hal_gpio.o
HAL_GPIO_EXTI_IRQHandler                          build/debug/stm32f0xx_hal_gpio.o
HAL_GPIO_Init                                     build/debug/stm32f0xx_hal_gpio.o
                                                  build/debug/stm32f0xx_hal_rcc.o
                                                  build/debug/stm32f0xx_hal_msp.o
                                                  build/debug/main.o
HAL_GPIO_LockPin                                  build/debug/stm32f0xx_hal_gpio.o
HAL_GPIO_ReadPin                                  build/debug/stm32f0xx_hal_gpio.o
HAL_GPIO_TogglePin                                build/debug/stm32f0xx_hal_gpio.o
                                                  build/debug/main.o
HAL_GPIO_WritePin                                 build/debug/stm32f0xx_hal_gpio.o
                                                  build/debug/main.o
HAL_GetDEVID                                      build/debug/stm32f0xx_hal.o
HAL_GetHalVersion                                 build/debug/stm32f0xx_hal.o
HAL_GetREVID                                      build/debug/stm32f0xx_hal.o
HAL_GetTick                                       build/debug/stm32f0xx_hal.o
                                                  build/debug/stm32f0xx_hal_uart_ex.o
                                                  build/debug/stm32f0xx_hal_uart.o
                                                  build/debug/stm32f0xx_hal_rcc_ex.o
                                                  build/debug/stm32f0xx_hal_rcc.o
                                                  build/debug/stm32f0xx_hal_i2c.o
                                                  build/debug/stm32f0xx_hal_flash.o
                                                  build/debug/stm32f0xx_hal_dma.o
HAL_GetTickFreq                                   build/debug/stm32f0xx_hal.o
HAL_GetTickPrio                                   build/debug/stm32f0xx_hal.o
HAL_GetUIDw0                                      build/debug/stm32f0xx_hal.o
HAL_GetUIDw1                                      build/debug/stm32f0xx_hal.o
HAL_GetUIDw2                                      build/debug/stm32f0xx_hal.o
HAL_HalfDuplex_EnableReceiver                     build/debug/stm32f0xx_hal_uart.o
HAL_HalfDuplex_EnableTransmitter                  build/debug/stm32f0xx_hal_uart.o
HAL_HalfDuplex_Init                               build/debug/stm32f0xx_hal_uart.o
HAL_I2CEx_ConfigAnalogFilter                      build/debug/stm32f0xx_hal_i2c_ex.o
                                                  build/debug/main.o
HAL_I2CEx_ConfigDigitalFilter                     build/debug/stm32f0xx_hal_i2c_ex.o
                                                  build/debug/main.o
HAL_I2CEx_DisableFastModePlus                     build/debug/stm32f0xx_hal_i2c_ex.o
HAL_I2CEx_EnableFastModePlus                      build/debug/stm32f0xx_hal_i2c_ex.o
HAL_I2C_AbortCpltCallback                         build/debug/stm32f0xx_hal_i2c.o
HAL_I2C_AddrCallback                              build/debug/stm32f0xx_hal_i2c.o
HAL_I2C_DeInit                                    build/debug/stm32f0xx_hal_i2c.o
HAL_I2C_DisableListen_IT                          build/debug/stm32f0xx_hal_i2c.o
HAL_I2C_ER_IRQHandler                             build/debug/stm32f0xx_hal_i2c.o
HAL_I2C_EV_IRQHandler                             build/debug/stm32f0xx_hal_i2c.o
HAL_I2C_EnableListen_IT                           build/debug/stm32f0xx_hal_i2c.o
HAL_I2C_ErrorCallback                             build/debug/stm32f0xx_hal_i2c.o
HAL_I2C_GetError                                  build/debug/stm32f0xx_hal_i2c.o
HAL_I2C_GetMode                                   build/debug/stm32f0xx_hal_i2c.o
HAL_I2C_GetState                                  build/debug/stm32f0xx_hal_i2c.o
HAL_I2C_Init                                      build/debug/stm32f0xx_hal_i2c.o
                                                  build/debug/main.o
HAL_I2C_IsDeviceReady                             build/debug/stm32f0xx_hal_i2c.o
HAL_I2C_ListenCpltCallback                        build/debug/stm32f0xx_hal_i2c.o
HAL_I2C_MasterRxCpltCallback                      build/debug/stm32f0xx_hal_i2c.o
HAL_I2C_MasterTxCpltCallback                      build/debug/stm32f0xx_hal_i2c.o
HAL_I2C_Master_Abort_IT                           build/debug/stm32f0xx_hal_i2c.o
HAL_I2C_Master_Receive                            build/debug/stm32f0xx_hal_i2c.o
HAL_I2C_Master_Receive_DMA                        build/debug/stm32f0xx_hal_i2c.o
HAL_I2C_Master_Receive_IT                         build/debug/stm32f0xx_hal_i2c.o
HAL_I2C_Master_Seq_Receive_DMA                    build/debug/stm32f0xx_hal_i2c.o
HAL_I2C_Master_Seq_Receive_IT                     build/debug/stm32f0xx_hal_i2c.o
HAL_I2C_Master_Seq_Transmit_DMA                   build/debug/stm32f0xx_hal_i2c.o
HAL_I2C_Master_Seq_Transmit_IT                    build/debug/stm32f0xx_hal_i2c.o
HAL_I2C_Master_Transmit                           build/debug/stm32f0xx_hal_i2c.o
HAL_I2C_Master_Transmit_DMA                       build/debug/stm32f0xx_hal_i2c.o
HAL_I2C_Master_Transmit_IT                        build/debug/stm32f0xx_hal_i2c.o
HAL_I2C_MemRxCpltCallback                         build/debug/stm32f0xx_hal_i2c.o
HAL_I2C_MemTxCpltCallback                         build/debug/stm32f0xx_hal_i2c.o
HAL_I2C_Mem_Read                                  build/debug/stm32f0xx_hal_i2c.o
                                                  build/debug/main.o
HAL_I2C_Mem_Read_DMA                              build/debug/stm32f0xx_hal_i2c.o
HAL_I2C_Mem_Read_IT                               build/debug/stm32f0xx_hal_i2c.o
HAL_I2C_Mem_Write                                 build/debug/stm32f0xx_hal_i2c.o
                                                  build/debug/main.o
HAL_I2C_Mem_Write_DMA                             build/debug/stm32f0xx_hal_i2c.o
HAL_I2C_Mem_Write_IT                              build/debug/stm32f0xx_hal_i2c.o
HAL_I2C_MspDeInit                                 build/debug/stm32f0xx_hal_msp.o
                                                  build/debug/stm32f0xx_hal_i2c.o
HAL_I2C_MspInit                                   build/debug/stm32f0xx_hal_msp.o
                                                  build/debug/stm32f0xx_hal_i2c.o
HAL_I2C_SlaveRxCpltCallback                       build/debug/stm32f0xx_hal_i2c.o
HAL_I2C_SlaveTxCpltCallback                       build/debug/stm32f0xx_hal_i2c.o
HAL_I2C_Slave_Receive                             build/debug/stm32f0xx_hal_i2c.o
HAL_I2C_Slave_Receive_DMA                         build/debug/stm32f0xx_hal_i2c.o
HAL_I2C_Slave_Receive_IT                          build/debug/stm32f0xx_hal_i2c.o
HAL_I2C_Slave_Seq_Receive_DMA                     build/debug/stm32f0xx_hal_i2c.o
HAL_I2C_Slave_Seq_Receive_IT                      build/debug/stm32f0xx_hal_i2c.o
HAL_I2C_Slave_Seq_Transmit_DMA                    build/debug/stm32f0xx_hal_i2c.o
HAL_I2C_Slave_Seq_Transmit_IT                     build/debug/stm32f0xx_hal_i2c.o
HAL_I2C_Slave_Transmit                            build/debug/stm32f0xx_hal_i2c.o
HAL_I2C_Slave_Transmit_DMA                        build/debug/stm32f0xx_hal_i2c.o
HAL_I2C_Slave_Transmit_IT                         build/debug/stm32f0xx_hal_i2c.o
HAL_IncTick                                       build/debug/stm32f0xx_hal.o
                                                  build/debug/stm32f0xx_it.o
HAL_Init                                          build/debug/stm32f0xx_hal.o
                                                  build/debug/main.o
HAL_InitTick                                      build/debug/stm32f0xx_hal.o
                                                  build/debug/stm32f0xx_hal_rcc.o
HAL_MspDeInit                                     build/debug/stm32f0xx_hal.o
HAL_MspInit                                       build/debug/stm32f0xx_hal_msp.o
                                                  build/debug/stm32f0xx_hal.o
HAL_MultiProcessorEx_AddressLength_Set            build/debug/stm32f0xx_hal_uart_ex.o
HAL_MultiProcessor_DisableMuteMode                build/debug/stm32f0xx_hal_uart.o
HAL_MultiProcessor_EnableMuteMode                 build/debug/stm32f0xx_hal_uart.o
HAL_MultiProcessor_EnterMuteMode                  build/debug/stm32f0xx_hal_uart.o
HAL_MultiProcessor_Init                           build/debug/stm32f0xx_hal_uart.o
HAL_NVIC_ClearPendingIRQ                          build/debug/stm32f0xx_hal_cortex.o
HAL_NVIC_DisableIRQ                               build/debug/stm32f0xx_hal_cortex.o
HAL_NVIC_EnableIRQ                                build/debug/stm32f0xx_hal_cortex.o
HAL_NVIC_GetPendingIRQ                            build/debug/stm32f0xx_hal_cortex.o
HAL_NVIC_GetPriority                              build/debug/stm32f0xx_hal_cortex.o
HAL_NVIC_SetPendingIRQ                            build/debug/stm32f0xx_hal_cortex.o
HAL_NVIC_SetPriority                              build/debug/stm32f0xx_hal_cortex.o
                                                  build/debug/stm32f0xx_hal.o
HAL_NVIC_SystemReset                              build/debug/stm32f0xx_hal_cortex.o
HAL_PWR_DeInit                                    build/debug/stm32f0xx_hal_pwr.o
HAL_PWR_DisableBkUpAccess                         build/debug/stm32f0xx_hal_pwr.o
HAL_PWR_DisableSEVOnPend                          build/debug/stm32f0xx_hal_pwr.o
HAL_PWR_DisableSleepOnExit                        build/debug/stm32f0xx_hal_pwr.o
HAL_PWR_DisableWakeUpPin                          build/debug/stm32f0xx_hal_pwr.o
HAL_PWR_EnableBkUpAccess                          build/debug/stm32f0xx_hal_pwr.o
HAL_PWR_EnableSEVOnPend                           build/debug/stm32f0xx_hal_pwr.o
HAL_PWR_EnableSleepOnExit                         build/debug/stm32f0xx_hal_pwr.o
HAL_PWR_EnableWakeUpPin                           build/debug/stm32f0xx_hal_pwr.o
HAL_PWR_EnterSLEEPMode                            build/debug/stm32f0xx_hal_pwr.o
HAL_PWR_EnterSTANDBYMode                          build/debug/stm32f0xx_hal_pwr.o
HAL_PWR_EnterSTOPMode                             build/debug/stm32f0xx_hal_pwr.o
HAL_RCCEx_GetPeriphCLKConfig                      build/debug/stm32f0xx_hal_rcc_ex.o
HAL_RCCEx_GetPeriphCLKFreq                        build/debug/stm32f0xx_hal_rcc_ex.o
HAL_RCCEx_PeriphCLKConfig                         build/debug/stm32f0xx_hal_rcc_ex.o
                                                  build/debug/main.o
HAL_RCC_CSSCallback                               build/debug/stm32f0xx_hal_rcc.o
HAL_RCC_ClockConfig                               build/debug/stm32f0xx_hal_rcc.o
                                                  build/debug/main.o
HAL_RCC_DeInit                                    build/debug/stm32f0xx_hal_rcc.o
HAL_RCC_DisableCSS                                build/debug/stm32f0xx_hal_rcc.o
HAL_RCC_EnableCSS                                 build/debug/stm32f0xx_hal_rcc.o
HAL_RCC_GetClockConfig                            build/debug/stm32f0xx_hal_rcc.o
HAL_RCC_GetHCLKFreq                               build/debug/stm32f0xx_hal_rcc.o
HAL_RCC_GetOscConfig                              build/debug/stm32f0xx_hal_rcc.o
HAL_RCC_GetPCLK1Freq                              build/debug/stm32f0xx_hal_rcc.o
                                                  build/debug/stm32f0xx_hal_uart.o
                                                  build/debug/stm32f0xx_hal_rcc_ex.o
HAL_RCC_GetSysClockFreq                           build/debug/stm32f0xx_hal_rcc.o
                                                  build/debug/stm32f0xx_hal_uart.o
                                                  build/debug/stm32f0xx_hal_rcc_ex.o
HAL_RCC_MCOConfig                                 build/debug/stm32f0xx_hal_rcc.o
HAL_RCC_NMI_IRQHandler                            build/debug/stm32f0xx_hal_rcc.o
HAL_RCC_OscConfig                                 build/debug/stm32f0xx_hal_rcc.o
                                                  build/debug/main.o
HAL_RS485Ex_Init                                  build/debug/stm32f0xx_hal_uart_ex.o
HAL_ResumeTick                                    build/debug/stm32f0xx_hal.o
HAL_SYSTICK_CLKSourceConfig                       build/debug/stm32f0xx_hal_cortex.o
HAL_SYSTICK_Callback                              build/debug/stm32f0xx_hal_cortex.o
HAL_SYSTICK_Config                                build/debug/stm32f0xx_hal_cortex.o
                                                  build/debug/stm32f0xx_hal.o
HAL_SYSTICK_IRQHandler                            build/debug/stm32f0xx_hal_cortex.o
HAL_SetTickFreq                                   build/debug/stm32f0xx_hal.o
HAL_SuspendTick                                   build/debug/stm32f0xx_hal.o
HAL_UARTEx_GetRxEventType                         build/debug/stm32f0xx_hal_uart_ex.o
HAL_UARTEx_ReceiveToIdle                          build/debug/stm32f0xx_hal_uart_ex.o
HAL_UARTEx_ReceiveToIdle_DMA                      build/debug/stm32f0xx_hal_uart_ex.o
HAL_UARTEx_ReceiveToIdle_IT                       build/debug/stm32f0xx_hal_uart_ex.o
HAL_UARTEx_RxEventCallback                        build/debug/stm32f0xx_hal_uart.o
HAL_UART_Abort                                    build/debug/stm32f0xx_hal_uart.o
HAL_UART_AbortCpltCallback                        build/debug/stm32f0xx_hal_uart.o
HAL_UART_AbortReceive                             build/debug/stm32f0xx_hal_uart.o
HAL_UART_AbortReceiveCpltCallback                 build/debug/stm32f0xx_hal_uart.o
HAL_UART_AbortReceive_IT                          build/debug/stm32f0xx_hal_uart.o
HAL_UART_AbortTransmit                            build/debug/stm32f0xx_hal_uart.o
HAL_UART_AbortTransmitCpltCallback                build/debug/stm32f0xx_hal_uart.o
HAL_UART_AbortTransmit_IT                         build/debug/stm32f0xx_hal_uart.o
HAL_UART_Abort_IT                                 build/debug/stm32f0xx_hal_uart.o
HAL_UART_DMAPause                                 build/debug/stm32f0xx_hal_uart.o
HAL_UART_DMAResume                                build/debug/stm32f0xx_hal_uart.o
HAL_UART_DMAStop                                  build/debug/stm32f0xx_hal_uart.o
HAL_UART_DeInit                                   build/debug/stm32f0xx_hal_uart.o
HAL_UART_DisableReceiverTimeout                   build/debug/stm32f0xx_hal_uart.o
HAL_UART_EnableReceiverTimeout                    build/debug/stm32f0xx_hal_uart.o
HAL_UART_ErrorCallback                            build/debug/stm32f0xx_hal_uart.o
HAL_UART_GetError                                 build/debug/stm32f0xx_hal_uart.o
HAL_UART_GetState                                 build/debug/stm32f0xx_hal_uart.o
HAL_UART_IRQHandler                               build/debug/stm32f0xx_hal_uart.o
HAL_UART_Init                                     build/debug/stm32f0xx_hal_uart.o
                                                  build/debug/main.o
HAL_UART_MspDeInit                                build/debug/stm32f0xx_hal_msp.o
HAL_UART_MspInit                                  build/debug/stm32f0xx_hal_msp.o
                                                  build/debug/stm32f0xx_hal_uart_ex.o
HAL_UART_Receive                                  build/debug/stm32f0xx_hal_uart.o
HAL_UART_Receive_DMA                              build/debug/stm32f0xx_hal_uart.o
HAL_UART_Receive_IT                               build/debug/stm32f0xx_hal_uart.o
HAL_UART_ReceiverTimeout_Config                   build/debug/stm32f0xx_hal_uart.o
HAL_UART_RxCpltCallback                           build/debug/stm32f0xx_hal_uart.o
HAL_UART_RxHalfCpltCallback                       build/debug/stm32f0xx_hal_uart.o
HAL_UART_Transmit                                 build/debug/stm32f0xx_hal_uart.o
                                                  build/debug/main.o
HAL_UART_Transmit_DMA                             build/debug/stm32f0xx_hal_uart.o
HAL_UART_Transmit_IT                              build/debug/stm32f0xx_hal_uart.o
HAL_UART_TxCpltCallback                           build/debug/stm32f0xx_hal_uart.o
HAL_UART_TxHalfCpltCallback                       build/debug/stm32f0xx_hal_uart.o
HardFault_Handler                                 build/debug/stm32f0xx_it.o
I2C1_IRQHandler                                   build/debug/startup_stm32f030x6.o
NMI_Handler                                       build/debug/stm32f0xx_it.o
PendSV_Handler                                    build/debug/stm32f0xx_it.o
RCC_IRQHandler                                    build/debug/startup_stm32f030x6.o
RTC_IRQHandler                                    build/debug/startup_stm32f030x6.o
Reset_Handler                                     build/debug/startup_stm32f030x6.o
SPI1_IRQHandler                                   build/debug/startup_stm32f030x6.o
SVC_Handler                                       build/debug/stm32f0xx_it.o
SysTick_Handler                                   build/debug/stm32f0xx_it.o
SystemClock_Config                                build/debug/main.o
SystemCoreClock                                   build/debug/system_stm32f0xx.o
                                                  build/debug/stm32f0xx_hal_rcc.o
                                                  build/debug/stm32f0xx_hal.o
SystemCoreClockUpdate                             build/debug/system_stm32f0xx.o
SystemInit                                        build/debug/system_stm32f0xx.o
                                                  build/debug/startup_stm32f030x6.o
TIM14_IRQHandler                                  build/debug/startup_stm32f030x6.o
TIM16_IRQHandler                                  build/debug/startup_stm32f030x6.o
TIM17_IRQHandler                                  build/debug/startup_stm32f030x6.o
TIM1_BRK_UP_TRG_COM_IRQHandler                    build/debug/startup_stm32f030x6.o
TIM1_CC_IRQHandler                                build/debug/startup_stm32f030x6.o
TIM3_IRQHandler                                   build/debug/startup_stm32f030x6.o
UART_AdvFeatureConfig                             build/debug/stm32f0xx_hal_uart.o
                                                  build/debug/stm32f0xx_hal_uart_ex.o
UART_CheckIdleState                               build/debug/stm32f0xx_hal_uart.o
                                                  build/debug/stm32f0xx_hal_uart_ex.o
UART_SetConfig                                    build/debug/stm32f0xx_hal_uart.o
                                                  build/debug/stm32f0xx_hal_uart_ex.o
UART_Start_Receive_DMA                            build/debug/stm32f0xx_hal_uart.o
                                                  build/debug/stm32f0xx_hal_uart_ex.o
UART_Start_Receive_IT                             build/debug/stm32f0xx_hal_uart.o
                                                  build/debug/stm32f0xx_hal_uart_ex.o
UART_WaitOnFlagUntilTimeout                       build/debug/stm32f0xx_hal_uart.o
USART1_IRQHandler                                 build/debug/startup_stm32f030x6.o
WWDG_IRQHandler                                   build/debug/startup_stm32f030x6.o
_Min_Stack_Size                                   build/debug/sysmem.o
__aeabi_idiv0                                     /Users/rasil/Library/Application Support/Code/User/globalStorage/bmd.stm32-for-vscode/@xpack-dev-tools/arm-none-eabi-gcc/14.2.1-1.1.1/.content/bin/../lib/gcc/arm-none-eabi/14.2.1/thumb/v6-m/nofp/libgcc.a(_dvmd_tls.o)
                                                  /Users/rasil/Library/Application Support/Code/User/globalStorage/bmd.stm32-for-vscode/@xpack-dev-tools/arm-none-eabi-gcc/14.2.1-1.1.1/.content/bin/../lib/gcc/arm-none-eabi/14.2.1/thumb/v6-m/nofp/libgcc.a(_udivsi3.o)
__aeabi_ldiv0                                     /Users/rasil/Library/Application Support/Code/User/globalStorage/bmd.stm32-for-vscode/@xpack-dev-tools/arm-none-eabi-gcc/14.2.1-1.1.1/.content/bin/../lib/gcc/arm-none-eabi/14.2.1/thumb/v6-m/nofp/libgcc.a(_dvmd_tls.o)
__aeabi_uidiv                                     /Users/rasil/Library/Application Support/Code/User/globalStorage/bmd.stm32-for-vscode/@xpack-dev-tools/arm-none-eabi-gcc/14.2.1-1.1.1/.content/bin/../lib/gcc/arm-none-eabi/14.2.1/thumb/v6-m/nofp/libgcc.a(_udivsi3.o)
                                                  build/debug/system_stm32f0xx.o
                                                  build/debug/stm32f0xx_hal_uart.o
                                                  build/debug/stm32f0xx_hal_rcc.o
                                                  build/debug/stm32f0xx_hal_dma.o
                                                  build/debug/stm32f0xx_hal.o
__aeabi_uidivmod                                  /Users/rasil/Library/Application Support/Code/User/globalStorage/bmd.stm32-for-vscode/@xpack-dev-tools/arm-none-eabi-gcc/14.2.1-1.1.1/.content/bin/../lib/gcc/arm-none-eabi/14.2.1/thumb/v6-m/nofp/libgcc.a(_udivsi3.o)
__atexit                                          /Users/rasil/Library/Application Support/Code/User/globalStorage/bmd.stm32-for-vscode/@xpack-dev-tools/arm-none-eabi-gcc/14.2.1-1.1.1/.content/bin/../lib/gcc/arm-none-eabi/14.2.1/../../../../arm-none-eabi/lib/thumb/v6-m/nofp/libc_nano.a(libc_a-__call_atexit.o)
                                                  /Users/rasil/Library/Application Support/Code/User/globalStorage/bmd.stm32-for-vscode/@xpack-dev-tools/arm-none-eabi-gcc/14.2.1-1.1.1/.content/bin/../lib/gcc/arm-none-eabi/14.2.1/../../../../arm-none-eabi/lib/thumb/v6-m/nofp/libc_nano.a(libc_a-__atexit.o)
__atexit0                                         /Users/rasil/Library/Application Support/Code/User/globalStorage/bmd.stm32-for-vscode/@xpack-dev-tools/arm-none-eabi-gcc/14.2.1-1.1.1/.content/bin/../lib/gcc/arm-none-eabi/14.2.1/../../../../arm-none-eabi/lib/thumb/v6-m/nofp/libc_nano.a(libc_a-__atexit.o)
__atexit_dummy                                    /Users/rasil/Library/Application Support/Code/User/globalStorage/bmd.stm32-for-vscode/@xpack-dev-tools/arm-none-eabi-gcc/14.2.1-1.1.1/.content/bin/../lib/gcc/arm-none-eabi/14.2.1/../../../../arm-none-eabi/lib/thumb/v6-m/nofp/libc_nano.a(libc_a-__atexit.o)
__atexit_recursive_mutex                          /Users/rasil/Library/Application Support/Code/User/globalStorage/bmd.stm32-for-vscode/@xpack-dev-tools/arm-none-eabi-gcc/14.2.1-1.1.1/.content/bin/../lib/gcc/arm-none-eabi/14.2.1/../../../../arm-none-eabi/lib/thumb/v6-m/nofp/libc_nano.a(libc_a-__call_atexit.o)
                                                  /Users/rasil/Library/Application Support/Code/User/globalStorage/bmd.stm32-for-vscode/@xpack-dev-tools/arm-none-eabi-gcc/14.2.1-1.1.1/.content/bin/../lib/gcc/arm-none-eabi/14.2.1/../../../../arm-none-eabi/lib/thumb/v6-m/nofp/libc_nano.a(libc_a-__atexit.o)
__bss_end__                                       /Users/rasil/Library/Application Support/Code/User/globalStorage/bmd.stm32-for-vscode/@xpack-dev-tools/arm-none-eabi-gcc/14.2.1-1.1.1/.content/bin/../lib/gcc/arm-none-eabi/14.2.1/../../../../arm-none-eabi/lib/thumb/v6-m/nofp/crt0.o
__bss_start__                                     /Users/rasil/Library/Application Support/Code/User/globalStorage/bmd.stm32-for-vscode/@xpack-dev-tools/arm-none-eabi-gcc/14.2.1-1.1.1/.content/bin/../lib/gcc/arm-none-eabi/14.2.1/../../../../arm-none-eabi/lib/thumb/v6-m/nofp/crt0.o
__call_exitprocs                                  /Users/rasil/Library/Application Support/Code/User/globalStorage/bmd.stm32-for-vscode/@xpack-dev-tools/arm-none-eabi-gcc/14.2.1-1.1.1/.content/bin/../lib/gcc/arm-none-eabi/14.2.1/../../../../arm-none-eabi/lib/thumb/v6-m/nofp/libc_nano.a(libc_a-__call_atexit.o)
                                                  /Users/rasil/Library/Application Support/Code/User/globalStorage/bmd.stm32-for-vscode/@xpack-dev-tools/arm-none-eabi-gcc/14.2.1-1.1.1/.content/bin/../lib/gcc/arm-none-eabi/14.2.1/../../../../arm-none-eabi/lib/thumb/v6-m/nofp/libc_nano.a(libc_a-__atexit.o)
                                                  /Users/rasil/Library/Application Support/Code/User/globalStorage/bmd.stm32-for-vscode/@xpack-dev-tools/arm-none-eabi-gcc/14.2.1-1.1.1/.content/bin/../lib/gcc/arm-none-eabi/14.2.1/../../../../arm-none-eabi/lib/thumb/v6-m/nofp/libc_nano.a(libc_a-exit.o)
__deregister_frame_info                           /Users/rasil/Library/Application Support/Code/User/globalStorage/bmd.stm32-for-vscode/@xpack-dev-tools/arm-none-eabi-gcc/14.2.1-1.1.1/.content/bin/../lib/gcc/arm-none-eabi/14.2.1/thumb/v6-m/nofp/crtbegin.o
__dso_handle                                      /Users/rasil/Library/Application Support/Code/User/globalStorage/bmd.stm32-for-vscode/@xpack-dev-tools/arm-none-eabi-gcc/14.2.1-1.1.1/.content/bin/../lib/gcc/arm-none-eabi/14.2.1/thumb/v6-m/nofp/crtbegin.o
__env                                             build/debug/syscalls.o
__errno                                           /Users/rasil/Library/Application Support/Code/User/globalStorage/bmd.stm32-for-vscode/@xpack-dev-tools/arm-none-eabi-gcc/14.2.1-1.1.1/.content/bin/../lib/gcc/arm-none-eabi/14.2.1/../../../../arm-none-eabi/lib/thumb/v6-m/nofp/libc_nano.a(libc_a-errno.o)
                                                  build/debug/sysmem.o
                                                  build/debug/syscalls.o
__fini_array_end                                  /Users/rasil/Library/Application Support/Code/User/globalStorage/bmd.stm32-for-vscode/@xpack-dev-tools/arm-none-eabi-gcc/14.2.1-1.1.1/.content/bin/../lib/gcc/arm-none-eabi/14.2.1/../../../../arm-none-eabi/lib/thumb/v6-m/nofp/libc_nano.a(libc_a-fini.o)
__fini_array_start                                /Users/rasil/Library/Application Support/Code/User/globalStorage/bmd.stm32-for-vscode/@xpack-dev-tools/arm-none-eabi-gcc/14.2.1-1.1.1/.content/bin/../lib/gcc/arm-none-eabi/14.2.1/../../../../arm-none-eabi/lib/thumb/v6-m/nofp/libc_nano.a(libc_a-fini.o)
__fp_lock_all                                     /Users/rasil/Library/Application Support/Code/User/globalStorage/bmd.stm32-for-vscode/@xpack-dev-tools/arm-none-eabi-gcc/14.2.1-1.1.1/.content/bin/../lib/gcc/arm-none-eabi/14.2.1/../../../../arm-none-eabi/lib/thumb/v6-m/nofp/libc_nano.a(libc_a-findfp.o)
__fp_unlock_all                                   /Users/rasil/Library/Application Support/Code/User/globalStorage/bmd.stm32-for-vscode/@xpack-dev-tools/arm-none-eabi-gcc/14.2.1-1.1.1/.content/bin/../lib/gcc/arm-none-eabi/14.2.1/../../../../arm-none-eabi/lib/thumb/v6-m/nofp/libc_nano.a(libc_a-findfp.o)
__init_array_end                                  /Users/rasil/Library/Application Support/Code/User/globalStorage/bmd.stm32-for-vscode/@xpack-dev-tools/arm-none-eabi-gcc/14.2.1-1.1.1/.content/bin/../lib/gcc/arm-none-eabi/14.2.1/../../../../arm-none-eabi/lib/thumb/v6-m/nofp/libc_nano.a(libc_a-init.o)
__init_array_start                                /Users/rasil/Library/Application Support/Code/User/globalStorage/bmd.stm32-for-vscode/@xpack-dev-tools/arm-none-eabi-gcc/14.2.1-1.1.1/.content/bin/../lib/gcc/arm-none-eabi/14.2.1/../../../../arm-none-eabi/lib/thumb/v6-m/nofp/libc_nano.a(libc_a-init.o)
__io_getchar                                      build/debug/syscalls.o
__io_putchar                                      build/debug/syscalls.o
__libc_fini_array                                 /Users/rasil/Library/Application Support/Code/User/globalStorage/bmd.stm32-for-vscode/@xpack-dev-tools/arm-none-eabi-gcc/14.2.1-1.1.1/.content/bin/../lib/gcc/arm-none-eabi/14.2.1/../../../../arm-none-eabi/lib/thumb/v6-m/nofp/libc_nano.a(libc_a-fini.o)
                                                  /Users/rasil/Library/Application Support/Code/User/globalStorage/bmd.stm32-for-vscode/@xpack-dev-tools/arm-none-eabi-gcc/14.2.1-1.1.1/.content/bin/../lib/gcc/arm-none-eabi/14.2.1/../../../../arm-none-eabi/lib/thumb/v6-m/nofp/crt0.o
__libc_init_array                                 /Users/rasil/Library/Application Support/Code/User/globalStorage/bmd.stm32-for-vscode/@xpack-dev-tools/arm-none-eabi-gcc/14.2.1-1.1.1/.content/bin/../lib/gcc/arm-none-eabi/14.2.1/../../../../arm-none-eabi/lib/thumb/v6-m/nofp/libc_nano.a(libc_a-init.o)
                                                  build/debug/startup_stm32f030x6.o
                                                  /Users/rasil/Library/Application Support/Code/User/globalStorage/bmd.stm32-for-vscode/@xpack-dev-tools/arm-none-eabi-gcc/14.2.1-1.1.1/.content/bin/../lib/gcc/arm-none-eabi/14.2.1/../../../../arm-none-eabi/lib/thumb/v6-m/nofp/crt0.o
__lock___arc4random_mutex                         /Users/rasil/Library/Application Support/Code/User/globalStorage/bmd.stm32-for-vscode/@xpack-dev-tools/arm-none-eabi-gcc/14.2.1-1.1.1/.content/bin/../lib/gcc/arm-none-eabi/14.2.1/../../../../arm-none-eabi/lib/thumb/v6-m/nofp/libc_nano.a(libc_a-lock.o)
__lock___at_quick_exit_mutex                      /Users/rasil/Library/Application Support/Code/User/globalStorage/bmd.stm32-for-vscode/@xpack-dev-tools/arm-none-eabi-gcc/14.2.1-1.1.1/.content/bin/../lib/gcc/arm-none-eabi/14.2.1/../../../../arm-none-eabi/lib/thumb/v6-m/nofp/libc_nano.a(libc_a-lock.o)
__lock___atexit_recursive_mutex                   /Users/rasil/Library/Application Support/Code/User/globalStorage/bmd.stm32-for-vscode/@xpack-dev-tools/arm-none-eabi-gcc/14.2.1-1.1.1/.content/bin/../lib/gcc/arm-none-eabi/14.2.1/../../../../arm-none-eabi/lib/thumb/v6-m/nofp/libc_nano.a(libc_a-lock.o)
                                                  /Users/rasil/Library/Application Support/Code/User/globalStorage/bmd.stm32-for-vscode/@xpack-dev-tools/arm-none-eabi-gcc/14.2.1-1.1.1/.content/bin/../lib/gcc/arm-none-eabi/14.2.1/../../../../arm-none-eabi/lib/thumb/v6-m/nofp/libc_nano.a(libc_a-__call_atexit.o)
__lock___dd_hash_mutex                            /Users/rasil/Library/Application Support/Code/User/globalStorage/bmd.stm32-for-vscode/@xpack-dev-tools/arm-none-eabi-gcc/14.2.1-1.1.1/.content/bin/../lib/gcc/arm-none-eabi/14.2.1/../../../../arm-none-eabi/lib/thumb/v6-m/nofp/libc_nano.a(libc_a-lock.o)
__lock___env_recursive_mutex                      /Users/rasil/Library/Application Support/Code/User/globalStorage/bmd.stm32-for-vscode/@xpack-dev-tools/arm-none-eabi-gcc/14.2.1-1.1.1/.content/bin/../lib/gcc/arm-none-eabi/14.2.1/../../../../arm-none-eabi/lib/thumb/v6-m/nofp/libc_nano.a(libc_a-lock.o)
__lock___malloc_recursive_mutex                   /Users/rasil/Library/Application Support/Code/User/globalStorage/bmd.stm32-for-vscode/@xpack-dev-tools/arm-none-eabi-gcc/14.2.1-1.1.1/.content/bin/../lib/gcc/arm-none-eabi/14.2.1/../../../../arm-none-eabi/lib/thumb/v6-m/nofp/libc_nano.a(libc_a-lock.o)
                                                  /Users/rasil/Library/Application Support/Code/User/globalStorage/bmd.stm32-for-vscode/@xpack-dev-tools/arm-none-eabi-gcc/14.2.1-1.1.1/.content/bin/../lib/gcc/arm-none-eabi/14.2.1/../../../../arm-none-eabi/lib/thumb/v6-m/nofp/libc_nano.a(libc_a-mlock.o)
__lock___sfp_recursive_mutex                      /Users/rasil/Library/Application Support/Code/User/globalStorage/bmd.stm32-for-vscode/@xpack-dev-tools/arm-none-eabi-gcc/14.2.1-1.1.1/.content/bin/../lib/gcc/arm-none-eabi/14.2.1/../../../../arm-none-eabi/lib/thumb/v6-m/nofp/libc_nano.a(libc_a-lock.o)
                                                  /Users/rasil/Library/Application Support/Code/User/globalStorage/bmd.stm32-for-vscode/@xpack-dev-tools/arm-none-eabi-gcc/14.2.1-1.1.1/.content/bin/../lib/gcc/arm-none-eabi/14.2.1/../../../../arm-none-eabi/lib/thumb/v6-m/nofp/libc_nano.a(libc_a-findfp.o)
__lock___tz_mutex                                 /Users/rasil/Library/Application Support/Code/User/globalStorage/bmd.stm32-for-vscode/@xpack-dev-tools/arm-none-eabi-gcc/14.2.1-1.1.1/.content/bin/../lib/gcc/arm-none-eabi/14.2.1/../../../../arm-none-eabi/lib/thumb/v6-m/nofp/libc_nano.a(libc_a-lock.o)
__malloc_free_list                                /Users/rasil/Library/Application Support/Code/User/globalStorage/bmd.stm32-for-vscode/@xpack-dev-tools/arm-none-eabi-gcc/14.2.1-1.1.1/.content/bin/../lib/gcc/arm-none-eabi/14.2.1/../../../../arm-none-eabi/lib/thumb/v6-m/nofp/libc_nano.a(libc_a-mallocr.o)
                                                  /Users/rasil/Library/Application Support/Code/User/globalStorage/bmd.stm32-for-vscode/@xpack-dev-tools/arm-none-eabi-gcc/14.2.1-1.1.1/.content/bin/../lib/gcc/arm-none-eabi/14.2.1/../../../../arm-none-eabi/lib/thumb/v6-m/nofp/libc_nano.a(libc_a-freer.o)
__malloc_lock                                     /Users/rasil/Library/Application Support/Code/User/globalStorage/bmd.stm32-for-vscode/@xpack-dev-tools/arm-none-eabi-gcc/14.2.1-1.1.1/.content/bin/../lib/gcc/arm-none-eabi/14.2.1/../../../../arm-none-eabi/lib/thumb/v6-m/nofp/libc_nano.a(libc_a-mlock.o)
                                                  /Users/rasil/Library/Application Support/Code/User/globalStorage/bmd.stm32-for-vscode/@xpack-dev-tools/arm-none-eabi-gcc/14.2.1-1.1.1/.content/bin/../lib/gcc/arm-none-eabi/14.2.1/../../../../arm-none-eabi/lib/thumb/v6-m/nofp/libc_nano.a(libc_a-freer.o)
                                                  /Users/rasil/Library/Application Support/Code/User/globalStorage/bmd.stm32-for-vscode/@xpack-dev-tools/arm-none-eabi-gcc/14.2.1-1.1.1/.content/bin/../lib/gcc/arm-none-eabi/14.2.1/../../../../arm-none-eabi/lib/thumb/v6-m/nofp/libc_nano.a(libc_a-mallocr.o)
__malloc_sbrk_start                               /Users/rasil/Library/Application Support/Code/User/globalStorage/bmd.stm32-for-vscode/@xpack-dev-tools/arm-none-eabi-gcc/14.2.1-1.1.1/.content/bin/../lib/gcc/arm-none-eabi/14.2.1/../../../../arm-none-eabi/lib/thumb/v6-m/nofp/libc_nano.a(libc_a-mallocr.o)
__malloc_unlock                                   /Users/rasil/Library/Application Support/Code/User/globalStorage/bmd.stm32-for-vscode/@xpack-dev-tools/arm-none-eabi-gcc/14.2.1-1.1.1/.content/bin/../lib/gcc/arm-none-eabi/14.2.1/../../../../arm-none-eabi/lib/thumb/v6-m/nofp/libc_nano.a(libc_a-mlock.o)
                                                  /Users/rasil/Library/Application Support/Code/User/globalStorage/bmd.stm32-for-vscode/@xpack-dev-tools/arm-none-eabi-gcc/14.2.1-1.1.1/.content/bin/../lib/gcc/arm-none-eabi/14.2.1/../../../../arm-none-eabi/lib/thumb/v6-m/nofp/libc_nano.a(libc_a-freer.o)
                                                  /Users/rasil/Library/Application Support/Code/User/globalStorage/bmd.stm32-for-vscode/@xpack-dev-tools/arm-none-eabi-gcc/14.2.1-1.1.1/.content/bin/../lib/gcc/arm-none-eabi/14.2.1/../../../../arm-none-eabi/lib/thumb/v6-m/nofp/libc_nano.a(libc_a-mallocr.o)
__on_exit_args                                    /Users/rasil/Library/Application Support/Code/User/globalStorage/bmd.stm32-for-vscode/@xpack-dev-tools/arm-none-eabi-gcc/14.2.1-1.1.1/.content/bin/../lib/gcc/arm-none-eabi/14.2.1/../../../../arm-none-eabi/lib/thumb/v6-m/nofp/libc_nano.a(libc_a-__atexit.o)
__preinit_array_end                               /Users/rasil/Library/Application Support/Code/User/globalStorage/bmd.stm32-for-vscode/@xpack-dev-tools/arm-none-eabi-gcc/14.2.1-1.1.1/.content/bin/../lib/gcc/arm-none-eabi/14.2.1/../../../../arm-none-eabi/lib/thumb/v6-m/nofp/libc_nano.a(libc_a-init.o)
__preinit_array_start                             /Users/rasil/Library/Application Support/Code/User/globalStorage/bmd.stm32-for-vscode/@xpack-dev-tools/arm-none-eabi-gcc/14.2.1-1.1.1/.content/bin/../lib/gcc/arm-none-eabi/14.2.1/../../../../arm-none-eabi/lib/thumb/v6-m/nofp/libc_nano.a(libc_a-init.o)
__register_exitproc                               /Users/rasil/Library/Application Support/Code/User/globalStorage/bmd.stm32-for-vscode/@xpack-dev-tools/arm-none-eabi-gcc/14.2.1-1.1.1/.content/bin/../lib/gcc/arm-none-eabi/14.2.1/../../../../arm-none-eabi/lib/thumb/v6-m/nofp/libc_nano.a(libc_a-__atexit.o)
                                                  /Users/rasil/Library/Application Support/Code/User/globalStorage/bmd.stm32-for-vscode/@xpack-dev-tools/arm-none-eabi-gcc/14.2.1-1.1.1/.content/bin/../lib/gcc/arm-none-eabi/14.2.1/../../../../arm-none-eabi/lib/thumb/v6-m/nofp/libc_nano.a(libc_a-atexit.o)
__register_frame_info                             /Users/rasil/Library/Application Support/Code/User/globalStorage/bmd.stm32-for-vscode/@xpack-dev-tools/arm-none-eabi-gcc/14.2.1-1.1.1/.content/bin/../lib/gcc/arm-none-eabi/14.2.1/thumb/v6-m/nofp/crtbegin.o
__retarget_lock_acquire                           /Users/rasil/Library/Application Support/Code/User/globalStorage/bmd.stm32-for-vscode/@xpack-dev-tools/arm-none-eabi-gcc/14.2.1-1.1.1/.content/bin/../lib/gcc/arm-none-eabi/14.2.1/../../../../arm-none-eabi/lib/thumb/v6-m/nofp/libc_nano.a(libc_a-lock.o)
__retarget_lock_acquire_recursive                 /Users/rasil/Library/Application Support/Code/User/globalStorage/bmd.stm32-for-vscode/@xpack-dev-tools/arm-none-eabi-gcc/14.2.1-1.1.1/.content/bin/../lib/gcc/arm-none-eabi/14.2.1/../../../../arm-none-eabi/lib/thumb/v6-m/nofp/libc_nano.a(libc_a-lock.o)
                                                  /Users/rasil/Library/Application Support/Code/User/globalStorage/bmd.stm32-for-vscode/@xpack-dev-tools/arm-none-eabi-gcc/14.2.1-1.1.1/.content/bin/../lib/gcc/arm-none-eabi/14.2.1/../../../../arm-none-eabi/lib/thumb/v6-m/nofp/libc_nano.a(libc_a-mlock.o)
                                                  /Users/rasil/Library/Application Support/Code/User/globalStorage/bmd.stm32-for-vscode/@xpack-dev-tools/arm-none-eabi-gcc/14.2.1-1.1.1/.content/bin/../lib/gcc/arm-none-eabi/14.2.1/../../../../arm-none-eabi/lib/thumb/v6-m/nofp/libc_nano.a(libc_a-fflush.o)
                                                  /Users/rasil/Library/Application Support/Code/User/globalStorage/bmd.stm32-for-vscode/@xpack-dev-tools/arm-none-eabi-gcc/14.2.1-1.1.1/.content/bin/../lib/gcc/arm-none-eabi/14.2.1/../../../../arm-none-eabi/lib/thumb/v6-m/nofp/libc_nano.a(libc_a-__call_atexit.o)
                                                  /Users/rasil/Library/Application Support/Code/User/globalStorage/bmd.stm32-for-vscode/@xpack-dev-tools/arm-none-eabi-gcc/14.2.1-1.1.1/.content/bin/../lib/gcc/arm-none-eabi/14.2.1/../../../../arm-none-eabi/lib/thumb/v6-m/nofp/libc_nano.a(libc_a-__atexit.o)
                                                  /Users/rasil/Library/Application Support/Code/User/globalStorage/bmd.stm32-for-vscode/@xpack-dev-tools/arm-none-eabi-gcc/14.2.1-1.1.1/.content/bin/../lib/gcc/arm-none-eabi/14.2.1/../../../../arm-none-eabi/lib/thumb/v6-m/nofp/libc_nano.a(libc_a-findfp.o)
__retarget_lock_close                             /Users/rasil/Library/Application Support/Code/User/globalStorage/bmd.stm32-for-vscode/@xpack-dev-tools/arm-none-eabi-gcc/14.2.1-1.1.1/.content/bin/../lib/gcc/arm-none-eabi/14.2.1/../../../../arm-none-eabi/lib/thumb/v6-m/nofp/libc_nano.a(libc_a-lock.o)
__retarget_lock_close_recursive                   /Users/rasil/Library/Application Support/Code/User/globalStorage/bmd.stm32-for-vscode/@xpack-dev-tools/arm-none-eabi-gcc/14.2.1-1.1.1/.content/bin/../lib/gcc/arm-none-eabi/14.2.1/../../../../arm-none-eabi/lib/thumb/v6-m/nofp/libc_nano.a(libc_a-lock.o)
__retarget_lock_init                              /Users/rasil/Library/Application Support/Code/User/globalStorage/bmd.stm32-for-vscode/@xpack-dev-tools/arm-none-eabi-gcc/14.2.1-1.1.1/.content/bin/../lib/gcc/arm-none-eabi/14.2.1/../../../../arm-none-eabi/lib/thumb/v6-m/nofp/libc_nano.a(libc_a-lock.o)
__retarget_lock_init_recursive                    /Users/rasil/Library/Application Support/Code/User/globalStorage/bmd.stm32-for-vscode/@xpack-dev-tools/arm-none-eabi-gcc/14.2.1-1.1.1/.content/bin/../lib/gcc/arm-none-eabi/14.2.1/../../../../arm-none-eabi/lib/thumb/v6-m/nofp/libc_nano.a(libc_a-lock.o)
                                                  /Users/rasil/Library/Application Support/Code/User/globalStorage/bmd.stm32-for-vscode/@xpack-dev-tools/arm-none-eabi-gcc/14.2.1-1.1.1/.content/bin/../lib/gcc/arm-none-eabi/14.2.1/../../../../arm-none-eabi/lib/thumb/v6-m/nofp/libc_nano.a(libc_a-findfp.o)
__retarget_lock_release                           /Users/rasil/Library/Application Support/Code/User/globalStorage/bmd.stm32-for-vscode/@xpack-dev-tools/arm-none-eabi-gcc/14.2.1-1.1.1/.content/bin/../lib/gcc/arm-none-eabi/14.2.1/../../../../arm-none-eabi/lib/thumb/v6-m/nofp/libc_nano.a(libc_a-lock.o)
__retarget_lock_release_recursive                 /Users/rasil/Library/Application Support/Code/User/globalStorage/bmd.stm32-for-vscode/@xpack-dev-tools/arm-none-eabi-gcc/14.2.1-1.1.1/.content/bin/../lib/gcc/arm-none-eabi/14.2.1/../../../../arm-none-eabi/lib/thumb/v6-m/nofp/libc_nano.a(libc_a-lock.o)
                                                  /Users/rasil/Library/Application Support/Code/User/globalStorage/bmd.stm32-for-vscode/@xpack-dev-tools/arm-none-eabi-gcc/14.2.1-1.1.1/.content/bin/../lib/gcc/arm-none-eabi/14.2.1/../../../../arm-none-eabi/lib/thumb/v6-m/nofp/libc_nano.a(libc_a-mlock.o)
                                                  /Users/rasil/Library/Application Support/Code/User/globalStorage/bmd.stm32-for-vscode/@xpack-dev-tools/arm-none-eabi-gcc/14.2.1-1.1.1/.content/bin/../lib/gcc/arm-none-eabi/14.2.1/../../../../arm-none-eabi/lib/thumb/v6-m/nofp/libc_nano.a(libc_a-fflush.o)
                                                  /Users/rasil/Library/Application Support/Code/User/globalStorage/bmd.stm32-for-vscode/@xpack-dev-tools/arm-none-eabi-gcc/14.2.1-1.1.1/.content/bin/../lib/gcc/arm-none-eabi/14.2.1/../../../../arm-none-eabi/lib/thumb/v6-m/nofp/libc_nano.a(libc_a-__call_atexit.o)
                                                  /Users/rasil/Library/Application Support/Code/User/globalStorage/bmd.stm32-for-vscode/@xpack-dev-tools/arm-none-eabi-gcc/14.2.1-1.1.1/.content/bin/../lib/gcc/arm-none-eabi/14.2.1/../../../../arm-none-eabi/lib/thumb/v6-m/nofp/libc_nano.a(libc_a-__atexit.o)
                                                  /Users/rasil/Library/Application Support/Code/User/globalStorage/bmd.stm32-for-vscode/@xpack-dev-tools/arm-none-eabi-gcc/14.2.1-1.1.1/.content/bin/../lib/gcc/arm-none-eabi/14.2.1/../../../../arm-none-eabi/lib/thumb/v6-m/nofp/libc_nano.a(libc_a-findfp.o)
__retarget_lock_try_acquire                       /Users/rasil/Library/Application Support/Code/User/globalStorage/bmd.stm32-for-vscode/@xpack-dev-tools/arm-none-eabi-gcc/14.2.1-1.1.1/.content/bin/../lib/gcc/arm-none-eabi/14.2.1/../../../../arm-none-eabi/lib/thumb/v6-m/nofp/libc_nano.a(libc_a-lock.o)
__retarget_lock_try_acquire_recursive             /Users/rasil/Library/Application Support/Code/User/globalStorage/bmd.stm32-for-vscode/@xpack-dev-tools/arm-none-eabi-gcc/14.2.1-1.1.1/.content/bin/../lib/gcc/arm-none-eabi/14.2.1/../../../../arm-none-eabi/lib/thumb/v6-m/nofp/libc_nano.a(libc_a-lock.o)
__sclose                                          /Users/rasil/Library/Application Support/Code/User/globalStorage/bmd.stm32-for-vscode/@xpack-dev-tools/arm-none-eabi-gcc/14.2.1-1.1.1/.content/bin/../lib/gcc/arm-none-eabi/14.2.1/../../../../arm-none-eabi/lib/thumb/v6-m/nofp/libc_nano.a(libc_a-stdio.o)
                                                  /Users/rasil/Library/Application Support/Code/User/globalStorage/bmd.stm32-for-vscode/@xpack-dev-tools/arm-none-eabi-gcc/14.2.1-1.1.1/.content/bin/../lib/gcc/arm-none-eabi/14.2.1/../../../../arm-none-eabi/lib/thumb/v6-m/nofp/libc_nano.a(libc_a-findfp.o)
__seofread                                        /Users/rasil/Library/Application Support/Code/User/globalStorage/bmd.stm32-for-vscode/@xpack-dev-tools/arm-none-eabi-gcc/14.2.1-1.1.1/.content/bin/../lib/gcc/arm-none-eabi/14.2.1/../../../../arm-none-eabi/lib/thumb/v6-m/nofp/libc_nano.a(libc_a-stdio.o)
__sf                                              /Users/rasil/Library/Application Support/Code/User/globalStorage/bmd.stm32-for-vscode/@xpack-dev-tools/arm-none-eabi-gcc/14.2.1-1.1.1/.content/bin/../lib/gcc/arm-none-eabi/14.2.1/../../../../arm-none-eabi/lib/thumb/v6-m/nofp/libc_nano.a(libc_a-findfp.o)
                                                  /Users/rasil/Library/Application Support/Code/User/globalStorage/bmd.stm32-for-vscode/@xpack-dev-tools/arm-none-eabi-gcc/14.2.1-1.1.1/.content/bin/../lib/gcc/arm-none-eabi/14.2.1/../../../../arm-none-eabi/lib/thumb/v6-m/nofp/libc_nano.a(libc_a-impure.o)
__sflush_r                                        /Users/rasil/Library/Application Support/Code/User/globalStorage/bmd.stm32-for-vscode/@xpack-dev-tools/arm-none-eabi-gcc/14.2.1-1.1.1/.content/bin/../lib/gcc/arm-none-eabi/14.2.1/../../../../arm-none-eabi/lib/thumb/v6-m/nofp/libc_nano.a(libc_a-fflush.o)
__sfp                                             /Users/rasil/Library/Application Support/Code/User/globalStorage/bmd.stm32-for-vscode/@xpack-dev-tools/arm-none-eabi-gcc/14.2.1-1.1.1/.content/bin/../lib/gcc/arm-none-eabi/14.2.1/../../../../arm-none-eabi/lib/thumb/v6-m/nofp/libc_nano.a(libc_a-findfp.o)
__sfp_lock_acquire                                /Users/rasil/Library/Application Support/Code/User/globalStorage/bmd.stm32-for-vscode/@xpack-dev-tools/arm-none-eabi-gcc/14.2.1-1.1.1/.content/bin/../lib/gcc/arm-none-eabi/14.2.1/../../../../arm-none-eabi/lib/thumb/v6-m/nofp/libc_nano.a(libc_a-findfp.o)
__sfp_lock_release                                /Users/rasil/Library/Application Support/Code/User/globalStorage/bmd.stm32-for-vscode/@xpack-dev-tools/arm-none-eabi-gcc/14.2.1-1.1.1/.content/bin/../lib/gcc/arm-none-eabi/14.2.1/../../../../arm-none-eabi/lib/thumb/v6-m/nofp/libc_nano.a(libc_a-findfp.o)
__sglue                                           /Users/rasil/Library/Application Support/Code/User/globalStorage/bmd.stm32-for-vscode/@xpack-dev-tools/arm-none-eabi-gcc/14.2.1-1.1.1/.content/bin/../lib/gcc/arm-none-eabi/14.2.1/../../../../arm-none-eabi/lib/thumb/v6-m/nofp/libc_nano.a(libc_a-findfp.o)
                                                  /Users/rasil/Library/Application Support/Code/User/globalStorage/bmd.stm32-for-vscode/@xpack-dev-tools/arm-none-eabi-gcc/14.2.1-1.1.1/.content/bin/../lib/gcc/arm-none-eabi/14.2.1/../../../../arm-none-eabi/lib/thumb/v6-m/nofp/libc_nano.a(libc_a-fflush.o)
__sinit                                           /Users/rasil/Library/Application Support/Code/User/globalStorage/bmd.stm32-for-vscode/@xpack-dev-tools/arm-none-eabi-gcc/14.2.1-1.1.1/.content/bin/../lib/gcc/arm-none-eabi/14.2.1/../../../../arm-none-eabi/lib/thumb/v6-m/nofp/libc_nano.a(libc_a-findfp.o)
                                                  /Users/rasil/Library/Application Support/Code/User/globalStorage/bmd.stm32-for-vscode/@xpack-dev-tools/arm-none-eabi-gcc/14.2.1-1.1.1/.content/bin/../lib/gcc/arm-none-eabi/14.2.1/../../../../arm-none-eabi/lib/thumb/v6-m/nofp/libc_nano.a(libc_a-fflush.o)
__sread                                           /Users/rasil/Library/Application Support/Code/User/globalStorage/bmd.stm32-for-vscode/@xpack-dev-tools/arm-none-eabi-gcc/14.2.1-1.1.1/.content/bin/../lib/gcc/arm-none-eabi/14.2.1/../../../../arm-none-eabi/lib/thumb/v6-m/nofp/libc_nano.a(libc_a-stdio.o)
                                                  /Users/rasil/Library/Application Support/Code/User/globalStorage/bmd.stm32-for-vscode/@xpack-dev-tools/arm-none-eabi-gcc/14.2.1-1.1.1/.content/bin/../lib/gcc/arm-none-eabi/14.2.1/../../../../arm-none-eabi/lib/thumb/v6-m/nofp/libc_nano.a(libc_a-findfp.o)
__sseek                                           /Users/rasil/Library/Application Support/Code/User/globalStorage/bmd.stm32-for-vscode/@xpack-dev-tools/arm-none-eabi-gcc/14.2.1-1.1.1/.content/bin/../lib/gcc/arm-none-eabi/14.2.1/../../../../arm-none-eabi/lib/thumb/v6-m/nofp/libc_nano.a(libc_a-stdio.o)
                                                  /Users/rasil/Library/Application Support/Code/User/globalStorage/bmd.stm32-for-vscode/@xpack-dev-tools/arm-none-eabi-gcc/14.2.1-1.1.1/.content/bin/../lib/gcc/arm-none-eabi/14.2.1/../../../../arm-none-eabi/lib/thumb/v6-m/nofp/libc_nano.a(libc_a-findfp.o)
__stack                                           /Users/rasil/Library/Application Support/Code/User/globalStorage/bmd.stm32-for-vscode/@xpack-dev-tools/arm-none-eabi-gcc/14.2.1-1.1.1/.content/bin/../lib/gcc/arm-none-eabi/14.2.1/../../../../arm-none-eabi/lib/thumb/v6-m/nofp/crt0.o